\BOOKMARK [1][-]{section.1}{\376\377\000S\000c\000i\000e\000n\000t\000i\000f\000i\000c\000\040\000Q\000u\000e\000s\000t\000i\000o\000n}{}% 1
\BOOKMARK [1][-]{section.2}{\376\377\000E\000x\000p\000e\000r\000i\000m\000e\000n\000t\000a\000l\000\040\000D\000e\000s\000i\000g\000n\000\040\000O\000v\000e\000r\000v\000i\000e\000w}{}% 2
\BOOKMARK [1][-]{section.3}{\376\377\000C\000o\000h\000o\000r\000t\000s\000\040\000a\000n\000d\000\040\000O\000u\000t\000c\000o\000m\000e\000s}{}% 3
\BOOKMARK [2][-]{subsection.3.1}{\376\377\000D\000i\000s\000e\000a\000s\000e\000\040\000C\000o\000h\000o\000r\000t\000s}{section.3}% 4
\BOOKMARK [2][-]{subsection.3.2}{\376\377\000O\000u\000t\000c\000o\000m\000e\000s}{section.3}% 5
\BOOKMARK [1][-]{section.4}{\376\377\000M\000o\000d\000e\000l\000\040\000V\000a\000r\000i\000a\000n\000t\000s}{}% 6
\BOOKMARK [2][-]{subsection.4.1}{\376\377\000W\000h\000y\000\040\000e\000a\000c\000h\000\040\000c\000o\000n\000t\000r\000a\000s\000t\000\040\000m\000a\000t\000t\000e\000r\000s}{section.4}% 7
\BOOKMARK [1][-]{section.5}{\376\377\000T\000h\000e\000\040\000S\000i\000g\000m\000a\000\040\000A\000n\000a\000l\000y\000s\000i\000s}{}% 8
\BOOKMARK [1][-]{section.6}{\376\377\000U\000n\000c\000e\000r\000t\000a\000i\000n\000t\000y\000\040\000a\000n\000d\000\040\000C\000l\000i\000n\000i\000c\000i\000a\000n\000\040\000V\000a\000l\000i\000d\000a\000t\000i\000o\000n}{}% 9
\BOOKMARK [1][-]{section.7}{\376\377\000T\000a\000b\000l\000e\000s\000\040\000f\000o\000r\000\040\000t\000h\000e\000\040\000P\000a\000p\000e\000r}{}% 10
\BOOKMARK [2][-]{subsection.7.1}{\376\377\000T\000a\000b\000l\000e\000\040\0001\000\040\040\024\000\040\000M\000a\000i\000n\000\040\000r\000e\000s\000u\000l\000t\000s\000\040\000\050\000p\000e\000r\000\040\000c\000o\000h\000o\000r\000t\000,\000\040\000p\000r\000i\000m\000a\000r\000y\000\040\000o\000u\000t\000c\000o\000m\000e\000\051}{section.7}% 11
\BOOKMARK [2][-]{subsection.7.2}{\376\377\000T\000a\000b\000l\000e\000\040\0002\000\040\040\024\000\040\000M\000u\000l\000t\000i\000-\000o\000u\000t\000c\000o\000m\000e\000\040\000r\000e\000s\000u\000l\000t\000s\000\040\000\050\000D\000L\000B\000C\000L\000\051}{section.7}% 12
\BOOKMARK [2][-]{subsection.7.3}{\376\377\000T\000a\000b\000l\000e\000\040\0003\000\040\040\024\000\040\000J\000o\000i\000n\000t\000\040\000v\000s\000.\000\040\000p\000e\000r\000-\000c\000o\000h\000o\000r\000t\000\040\000\050\000a\000l\000l\000\040\000c\000o\000h\000o\000r\000t\000s\000,\000\040\000a\000l\000l\000\040\000o\000u\000t\000c\000o\000m\000e\000s\000\051}{section.7}% 13
\BOOKMARK [2][-]{subsection.7.4}{\376\377\000T\000a\000b\000l\000e\000\040\0004\000\040\040\024\000\040\000S\000i\000g\000m\000a\000\040\000v\000a\000l\000u\000e\000s\000\040\000a\000c\000r\000o\000s\000s\000\040\000o\000u\000t\000c\000o\000m\000e\000s}{section.7}% 14
\BOOKMARK [1][-]{section.8}{\376\377\000F\000i\000g\000u\000r\000e\000s\000\040\000f\000o\000r\000\040\000t\000h\000e\000\040\000P\000a\000p\000e\000r}{}% 15
\BOOKMARK [2][-]{subsection.8.1}{\376\377\000F\000i\000g\000u\000r\000e\000\040\0001\000\040\040\024\000\040\000A\000r\000c\000h\000i\000t\000e\000c\000t\000u\000r\000e\000\040\000o\000v\000e\000r\000v\000i\000e\000w}{section.8}% 16
\BOOKMARK [2][-]{subsection.8.2}{\376\377\000F\000i\000g\000u\000r\000e\000\040\0002\000\040\040\024\000\040\000S\000u\000r\000v\000i\000v\000a\000l\000\040\000p\000a\000i\000r\000\040\000w\000e\000i\000g\000h\000t\000i\000n\000g\000\040\000i\000l\000l\000u\000s\000t\000r\000a\000t\000i\000o\000n}{section.8}% 17
\BOOKMARK [2][-]{subsection.8.3}{\376\377\000F\000i\000g\000u\000r\000e\000\040\0003\000\040\040\024\000\040\000E\000m\000b\000e\000d\000d\000i\000n\000g\000\040\000s\000p\000a\000c\000e\000\040\000s\000h\000i\000f\000t\000\040\000\050\000U\000M\000A\000P\000\051}{section.8}% 18
\BOOKMARK [2][-]{subsection.8.4}{\376\377\000F\000i\000g\000u\000r\000e\000\040\0004\000\040\040\024\000\040\000S\000i\000g\000m\000a\000\040\000h\000e\000a\000t\000m\000a\000p}{section.8}% 19
\BOOKMARK [2][-]{subsection.8.5}{\376\377\000F\000i\000g\000u\000r\000e\000\040\0005\000\040\040\024\000\040\000J\000o\000i\000n\000t\000\040\000v\000s\000.\000\040\000p\000e\000r\000-\000c\000o\000h\000o\000r\000t\000\040\000p\000e\000r\000f\000o\000r\000m\000a\000n\000c\000e\000\040\000d\000e\000l\000t\000a}{section.8}% 20
\BOOKMARK [2][-]{subsection.8.6}{\376\377\000F\000i\000g\000u\000r\000e\000\040\0006\000\040\040\023\000\040\000P\000a\000t\000i\000e\000n\000t\000\040\000b\000e\000n\000e\000f\000i\000t\000\040\000a\000n\000a\000l\000y\000s\000i\000s\000:\000\040\000f\000o\000r\000\040\000w\000h\000o\000m\000\040\000d\000o\000e\000s\000\040\000O\000P\000E\000R\000A\000\040\000w\000o\000r\000k\000?}{section.8}% 21
\BOOKMARK [2][-]{subsection.8.7}{\376\377\000F\000i\000g\000u\000r\000e\000\040\0007\000\040\040\024\000\040\000C\000l\000i\000n\000i\000c\000i\000a\000n\000\040\000u\000n\000c\000e\000r\000t\000a\000i\000n\000t\000y\000\040\000v\000a\000l\000i\000d\000a\000t\000i\000o\000n}{section.8}% 22
\BOOKMARK [2][-]{subsection.8.8}{\376\377\000F\000i\000g\000u\000r\000e\000\040\0008\000\040\040\024\000\040\000L\000a\000b\000e\000l\000\040\000e\000f\000f\000i\000c\000i\000e\000n\000c\000y\000\040\000c\000u\000r\000v\000e\000s\000\040\000\050\000s\000u\000p\000p\000l\000e\000m\000e\000n\000t\000a\000r\000y\000\051}{section.8}% 23
\BOOKMARK [1][-]{section.9}{\376\377\000O\000p\000e\000r\000a\000t\000i\000o\000n\000a\000l\000\040\000O\000w\000n\000e\000r\000s\000h\000i\000p\000\040\000a\000n\000d\000\040\000R\000e\000g\000i\000s\000t\000r\000y\000\040\000C\000o\000v\000e\000r\000a\000g\000e}{}% 24
\BOOKMARK [2][-]{subsection.9.1}{\376\377\000C\000o\000l\000l\000a\000b\000o\000r\000a\000t\000o\000r\000-\000s\000i\000d\000e\000\040\000p\000r\000e\000r\000e\000q\000u\000i\000s\000i\000t\000e\000s}{section.9}% 25
\BOOKMARK [2][-]{subsection.9.2}{\376\377\000O\000P\000E\000R\000A\000-\000s\000i\000d\000e\000\040\000r\000e\000s\000p\000o\000n\000s\000i\000b\000i\000l\000i\000t\000i\000e\000s}{section.9}% 26
\BOOKMARK [2][-]{subsection.9.3}{\376\377\000R\000e\000g\000i\000s\000t\000r\000y\000\040\000c\000o\000v\000e\000r\000a\000g\000e\000\040\000r\000u\000l\000e}{section.9}% 27
\BOOKMARK [1][-]{section.10}{\376\377\000A\000n\000a\000l\000y\000s\000i\000s\000\040\000C\000h\000e\000c\000k\000l\000i\000s\000t}{}% 28
\BOOKMARK [1][-]{section.11}{\376\377\000E\000x\000p\000e\000c\000t\000e\000d\000\040\000R\000e\000s\000u\000l\000t\000s\000\040\000a\000n\000d\000\040\000N\000a\000r\000r\000a\000t\000i\000v\000e}{}% 29
\BOOKMARK [1][-]{section.12}{\376\377\000A\000n\000t\000i\000c\000i\000p\000a\000t\000e\000d\000\040\000R\000e\000v\000i\000e\000w\000e\000r\000\040\000C\000h\000a\000l\000l\000e\000n\000g\000e\000s}{}% 30
