This is pdfTeX, Version 3.141592653-2.6-1.40.29 (TeX Live 2026) (preloaded format=pdflatex 2026.4.9)  2 JUN 2026 13:50
entering extended mode
 restricted \write18 enabled.
 file:line:error style messages enabled.
 %&-line parsing enabled.
**c:/Users/MWER0040/Documents/opera_project/paper/opera_analysis_plan.tex
(c:/Users/MWER0040/Documents/opera_project/paper/opera_analysis_plan.tex
LaTeX2e <2025-11-01>
L3 programming layer <2026-01-19>
(c:/Users/MWER0040/AppData/Roaming/TinyTeX/texmf-dist/tex/latex/base/article.cls
Document Class: article 2025/01/22 v1.4n Standard LaTeX document class
(c:/Users/MWER0040/AppData/Roaming/TinyTeX/texmf-dist/tex/latex/base/size11.clo
File: size11.clo 2025/01/22 v1.4n Standard LaTeX file (size option)
)
\c@part=\count275
\c@section=\count276
\c@subsection=\count277
\c@subsubsection=\count278
\c@paragraph=\count279
\c@subparagraph=\count280
\c@figure=\count281
\c@table=\count282
\abovecaptionskip=\skip49
\belowcaptionskip=\skip50
\bibindent=\dimen148
) (c:/Users/MWER0040/AppData/Roaming/TinyTeX/texmf-dist/tex/latex/geometry/geometry.sty
Package: geometry 2026/03/07 v6.0 Page Geometry
 (c:/Users/MWER0040/AppData/Roaming/TinyTeX/texmf-dist/tex/latex/graphics/keyval.sty
Package: keyval 2022/05/29 v1.15 key=value parser (DPC)
\KV@toks@=\toks17
) (c:/Users/MWER0040/AppData/Roaming/TinyTeX/texmf-dist/tex/generic/iftex/ifvtex.sty
Package: ifvtex 2019/10/25 v1.7 ifvtex legacy package. Use iftex instead.
 (c:/Users/MWER0040/AppData/Roaming/TinyTeX/texmf-dist/tex/generic/iftex/iftex.sty
Package: iftex 2024/12/12 v1.0g TeX engine tests
))
\Gm@cnth=\count283
\Gm@cntv=\count284
\c@Gm@tempcnt=\count285
\Gm@bindingoffset=\dimen149
\Gm@wd@mp=\dimen150
\Gm@odd@mp=\dimen151
\Gm@even@mp=\dimen152
\Gm@layoutwidth=\dimen153
\Gm@layoutheight=\dimen154
\Gm@layouthoffset=\dimen155
\Gm@layoutvoffset=\dimen156
\Gm@dimlist=\toks18
) (c:/Users/MWER0040/AppData/Roaming/TinyTeX/texmf-dist/tex/latex/booktabs/booktabs.sty
Package: booktabs 2020/01/12 v1.61803398 Publication quality tables
\heavyrulewidth=\dimen157
\lightrulewidth=\dimen158
\cmidrulewidth=\dimen159
\belowrulesep=\dimen160
\belowbottomsep=\dimen161
\aboverulesep=\dimen162
\abovetopsep=\dimen163
\cmidrulesep=\dimen164
\cmidrulekern=\dimen165
\defaultaddspace=\dimen166
\@cmidla=\count286
\@cmidlb=\count287
\@aboverulesep=\dimen167
\@belowrulesep=\dimen168
\@thisruleclass=\count288
\@lastruleclass=\count289
\@thisrulewidth=\dimen169
) (c:/Users/MWER0040/AppData/Roaming/TinyTeX/texmf-dist/tex/latex/tools/array.sty
Package: array 2025/09/25 v2.6n Tabular extension package (FMi)
\col@sep=\dimen170
\ar@mcellbox=\box53
\extrarowheight=\dimen171
\NC@list=\toks19
\extratabsurround=\skip51
\backup@length=\skip52
\ar@cellbox=\box54
) (c:/Users/MWER0040/AppData/Roaming/TinyTeX/texmf-dist/tex/latex/multirow/multirow.sty
Package: multirow 2024/11/12 v2.9 Span multiple rows of a table
\multirow@colwidth=\skip53
\multirow@cntb=\count290
\multirow@dima=\skip54
\bigstrutjot=\dimen172
) (c:/Users/MWER0040/AppData/Roaming/TinyTeX/texmf-dist/tex/latex/xcolor/xcolor.sty
Package: xcolor 2024/09/29 v3.02 LaTeX color extensions (UK)
 (c:/Users/MWER0040/AppData/Roaming/TinyTeX/texmf-dist/tex/latex/graphics-cfg/color.cfg
File: color.cfg 2016/01/02 v1.6 sample color configuration
)
Package xcolor Info: Driver file: pdftex.def on input line 274.
 (c:/Users/MWER0040/AppData/Roaming/TinyTeX/texmf-dist/tex/latex/graphics-def/pdftex.def
File: pdftex.def 2025/09/29 v1.2d Graphics/color driver for pdftex
) (c:/Users/MWER0040/AppData/Roaming/TinyTeX/texmf-dist/tex/latex/graphics/mathcolor.ltx)
Package xcolor Info: Model `cmy' substituted by `cmy0' on input line 1349.
Package xcolor Info: Model `hsb' substituted by `rgb' on input line 1353.
Package xcolor Info: Model `RGB' extended on input line 1365.
Package xcolor Info: Model `HTML' substituted by `rgb' on input line 1367.
Package xcolor Info: Model `Hsb' substituted by `hsb' on input line 1368.
Package xcolor Info: Model `tHsb' substituted by `hsb' on input line 1369.
Package xcolor Info: Model `HSB' substituted by `hsb' on input line 1370.
Package xcolor Info: Model `Gray' substituted by `gray' on input line 1371.
Package xcolor Info: Model `wave' substituted by `hsb' on input line 1372.
) (c:/Users/MWER0040/AppData/Roaming/TinyTeX/texmf-dist/tex/latex/hyperref/hyperref.sty
Package: hyperref 2026-01-29 v7.01p Hypertext links for LaTeX
 (c:/Users/MWER0040/AppData/Roaming/TinyTeX/texmf-dist/tex/latex/kvsetkeys/kvsetkeys.sty
Package: kvsetkeys 2022-10-05 v1.19 Key value parser (HO)
) (c:/Users/MWER0040/AppData/Roaming/TinyTeX/texmf-dist/tex/generic/kvdefinekeys/kvdefinekeys.sty
Package: kvdefinekeys 2019-12-19 v1.6 Define keys (HO)
) (c:/Users/MWER0040/AppData/Roaming/TinyTeX/texmf-dist/tex/generic/pdfescape/pdfescape.sty
Package: pdfescape 2019/12/09 v1.15 Implements pdfTeX's escape features (HO)
 (c:/Users/MWER0040/AppData/Roaming/TinyTeX/texmf-dist/tex/generic/ltxcmds/ltxcmds.sty
Package: ltxcmds 2023-12-04 v1.26 LaTeX kernel commands for general use (HO)
) (c:/Users/MWER0040/AppData/Roaming/TinyTeX/texmf-dist/tex/generic/pdftexcmds/pdftexcmds.sty
Package: pdftexcmds 2020-06-27 v0.33 Utility functions of pdfTeX for LuaTeX (HO)
 (c:/Users/MWER0040/AppData/Roaming/TinyTeX/texmf-dist/tex/generic/infwarerr/infwarerr.sty
Package: infwarerr 2019/12/03 v1.5 Providing info/warning/error messages (HO)
)
Package pdftexcmds Info: \pdf@primitive is available.
Package pdftexcmds Info: \pdf@ifprimitive is available.
Package pdftexcmds Info: \pdfdraftmode found.
)) (c:/Users/MWER0040/AppData/Roaming/TinyTeX/texmf-dist/tex/latex/hycolor/hycolor.sty
Package: hycolor 2020-01-27 v1.10 Color options for hyperref/bookmark (HO)
) (c:/Users/MWER0040/AppData/Roaming/TinyTeX/texmf-dist/tex/latex/hyperref/nameref.sty
Package: nameref 2026-01-29 v2.58 Cross-referencing by name of section
 (c:/Users/MWER0040/AppData/Roaming/TinyTeX/texmf-dist/tex/latex/refcount/refcount.sty
Package: refcount 2019/12/15 v3.6 Data extraction from label references (HO)
) (c:/Users/MWER0040/AppData/Roaming/TinyTeX/texmf-dist/tex/generic/gettitlestring/gettitlestring.sty
Package: gettitlestring 2019/12/15 v1.6 Cleanup title references (HO)
 (c:/Users/MWER0040/AppData/Roaming/TinyTeX/texmf-dist/tex/latex/kvoptions/kvoptions.sty
Package: kvoptions 2022-06-15 v3.15 Key value format for package options (HO)
))
\c@section@level=\count291
) (c:/Users/MWER0040/AppData/Roaming/TinyTeX/texmf-dist/tex/latex/etoolbox/etoolbox.sty
Package: etoolbox 2025/10/02 v2.5m e-TeX tools for LaTeX (JAW)
\etb@tempcnta=\count292
) (c:/Users/MWER0040/AppData/Roaming/TinyTeX/texmf-dist/tex/generic/stringenc/stringenc.sty
Package: stringenc 2019/11/29 v1.12 Convert strings between diff. encodings (HO)
)
\@linkdim=\dimen173
\Hy@linkcounter=\count293
\Hy@pagecounter=\count294
 (c:/Users/MWER0040/AppData/Roaming/TinyTeX/texmf-dist/tex/latex/hyperref/pd1enc.def
File: pd1enc.def 2026-01-29 v7.01p Hyperref: PDFDocEncoding definition (HO)
Now handling font encoding PD1 ...
... no UTF-8 mapping file for font encoding PD1
) (c:/Users/MWER0040/AppData/Roaming/TinyTeX/texmf-dist/tex/generic/intcalc/intcalc.sty
Package: intcalc 2019/12/15 v1.3 Expandable calculations with integers (HO)
)
\Hy@SavedSpaceFactor=\count295
 (c:/Users/MWER0040/AppData/Roaming/TinyTeX/texmf-dist/tex/latex/hyperref/puenc.def
File: puenc.def 2026-01-29 v7.01p Hyperref: PDF Unicode definition (HO)
Now handling font encoding PU ...
... no UTF-8 mapping file for font encoding PU
)
Package hyperref Info: Hyper figures OFF on input line 4201.
Package hyperref Info: Link nesting OFF on input line 4206.
Package hyperref Info: Hyper index ON on input line 4209.
Package hyperref Info: Plain pages OFF on input line 4216.
Package hyperref Info: Backreferencing OFF on input line 4221.
Package hyperref Info: Implicit mode ON; LaTeX internals redefined.
Package hyperref Info: Bookmarks ON on input line 4468.
\c@Hy@tempcnt=\count296
 (c:/Users/MWER0040/AppData/Roaming/TinyTeX/texmf-dist/tex/latex/url/url.sty
\Urlmuskip=\muskip17
Package: url 2013/09/16  ver 3.4  Verb mode for urls, etc.
)
LaTeX Info: Redefining \url on input line 4807.
\XeTeXLinkMargin=\dimen174
 (c:/Users/MWER0040/AppData/Roaming/TinyTeX/texmf-dist/tex/generic/bitset/bitset.sty
Package: bitset 2019/12/09 v1.3 Handle bit-vector datatype (HO)
 (c:/Users/MWER0040/AppData/Roaming/TinyTeX/texmf-dist/tex/generic/bigintcalc/bigintcalc.sty
Package: bigintcalc 2019/12/15 v1.5 Expandable calculations on big integers (HO)
))
\Fld@menulength=\count297
\Field@Width=\dimen175
\Fld@charsize=\dimen176
Package hyperref Info: Hyper figures OFF on input line 6084.
Package hyperref Info: Link nesting OFF on input line 6089.
Package hyperref Info: Hyper index ON on input line 6092.
Package hyperref Info: backreferencing OFF on input line 6099.
Package hyperref Info: Link coloring OFF on input line 6104.
Package hyperref Info: Link coloring with OCG OFF on input line 6109.
Package hyperref Info: PDF/A mode OFF on input line 6114.
\Hy@abspage=\count298
\c@Item=\count299
\c@Hfootnote=\count300
)
Package hyperref Info: Driver (autodetected): hpdftex.
 (c:/Users/MWER0040/AppData/Roaming/TinyTeX/texmf-dist/tex/latex/hyperref/hpdftex.def
File: hpdftex.def 2026-01-29 v7.01p Hyperref driver for pdfTeX
\Fld@listcount=\count301
\c@bookmark@seq@number=\count302
 (c:/Users/MWER0040/AppData/Roaming/TinyTeX/texmf-dist/tex/latex/rerunfilecheck/rerunfilecheck.sty
Package: rerunfilecheck 2025-06-21 v1.11 Rerun checks for auxiliary files (HO)
 (c:/Users/MWER0040/AppData/Roaming/TinyTeX/texmf-dist/tex/generic/uniquecounter/uniquecounter.sty
Package: uniquecounter 2019/12/15 v1.4 Provide unlimited unique counter (HO)
)
Package uniquecounter Info: New unique counter `rerunfilecheck' on input line 284.
)
\Hy@SectionHShift=\skip55
) (c:/Users/MWER0040/AppData/Roaming/TinyTeX/texmf-dist/tex/latex/amsmath/amsmath.sty
Package: amsmath 2025/07/09 v2.17z AMS math features
\@mathmargin=\skip56

For additional information on amsmath, use the `?' option.
(c:/Users/MWER0040/AppData/Roaming/TinyTeX/texmf-dist/tex/latex/amsmath/amstext.sty
Package: amstext 2024/11/17 v2.01 AMS text
 (c:/Users/MWER0040/AppData/Roaming/TinyTeX/texmf-dist/tex/latex/amsmath/amsgen.sty
File: amsgen.sty 1999/11/30 v2.0 generic functions
\@emptytoks=\toks20
\ex@=\dimen177
)) (c:/Users/MWER0040/AppData/Roaming/TinyTeX/texmf-dist/tex/latex/amsmath/amsbsy.sty
Package: amsbsy 1999/11/29 v1.2d Bold Symbols
\pmbraise@=\dimen178
) (c:/Users/MWER0040/AppData/Roaming/TinyTeX/texmf-dist/tex/latex/amsmath/amsopn.sty
Package: amsopn 2022/04/08 v2.04 operator names
)
\inf@bad=\count303
LaTeX Info: Redefining \frac on input line 233.
\uproot@=\count304
\leftroot@=\count305
LaTeX Info: Redefining \overline on input line 398.
LaTeX Info: Redefining \colon on input line 409.
\classnum@=\count306
\DOTSCASE@=\count307
LaTeX Info: Redefining \ldots on input line 495.
LaTeX Info: Redefining \dots on input line 498.
LaTeX Info: Redefining \cdots on input line 619.
\Mathstrutbox@=\box55
\strutbox@=\box56
LaTeX Info: Redefining \big on input line 721.
LaTeX Info: Redefining \Big on input line 722.
LaTeX Info: Redefining \bigg on input line 723.
LaTeX Info: Redefining \Bigg on input line 724.
\big@size=\dimen179
LaTeX Font Info:    Redeclaring font encoding OML on input line 742.
LaTeX Font Info:    Redeclaring font encoding OMS on input line 743.
\macc@depth=\count308
LaTeX Info: Redefining \bmod on input line 904.
LaTeX Info: Redefining \pmod on input line 909.
LaTeX Info: Redefining \smash on input line 939.
LaTeX Info: Redefining \relbar on input line 969.
LaTeX Info: Redefining \Relbar on input line 970.
\c@MaxMatrixCols=\count309
\dotsspace@=\muskip18
\c@parentequation=\count310
\dspbrk@lvl=\count311
\tag@help=\toks21
\row@=\count312
\column@=\count313
\maxfields@=\count314
\andhelp@=\toks22
\eqnshift@=\dimen180
\alignsep@=\dimen181
\tagshift@=\dimen182
\tagwidth@=\dimen183
\totwidth@=\dimen184
\lineht@=\dimen185
\@envbody=\toks23
\multlinegap=\skip57
\multlinetaggap=\skip58
\mathdisplay@stack=\toks24
LaTeX Info: Redefining \[ on input line 2950.
LaTeX Info: Redefining \] on input line 2951.
) (c:/Users/MWER0040/AppData/Roaming/TinyTeX/texmf-dist/tex/latex/enumitem/enumitem.sty
Package: enumitem 2025/02/06 v3.11 Customized lists
\labelindent=\skip59
\enit@outerparindent=\dimen186
\enit@toks=\toks25
\enit@inbox=\box57
\enit@count@id=\count315
\enitdp@description=\count316
) (c:/Users/MWER0040/AppData/Roaming/TinyTeX/texmf-dist/tex/latex/tcolorbox/tcolorbox.sty
Package: tcolorbox 2025/11/28 version 6.9.0 text color boxes
 (c:/Users/MWER0040/AppData/Roaming/TinyTeX/texmf-dist/tex/latex/pgf/frontendlayer/tikz.sty (c:/Users/MWER0040/AppData/Roaming/TinyTeX/texmf-dist/tex/latex/pgf/basiclayer/pgf.sty (c:/Users/MWER0040/AppData/Roaming/TinyTeX/texmf-dist/tex/latex/pgf/utilities/pgfrcs.sty (c:/Users/MWER0040/AppData/Roaming/TinyTeX/texmf-dist/tex/generic/pgf/utilities/pgfutil-common.tex
\pgfutil@everybye=\toks26
\pgfutil@tempdima=\dimen187
\pgfutil@tempdimb=\dimen188
) (c:/Users/MWER0040/AppData/Roaming/TinyTeX/texmf-dist/tex/generic/pgf/utilities/pgfutil-latex.def
\pgfutil@abb=\box58
) (c:/Users/MWER0040/AppData/Roaming/TinyTeX/texmf-dist/tex/generic/pgf/utilities/pgfrcs.code.tex (c:/Users/MWER0040/AppData/Roaming/TinyTeX/texmf-dist/tex/generic/pgf/pgf.revision.tex)
Package: pgfrcs 2025-08-29 v3.1.11a (3.1.11a)
))
Package: pgf 2025-08-29 v3.1.11a (3.1.11a)
 (c:/Users/MWER0040/AppData/Roaming/TinyTeX/texmf-dist/tex/latex/pgf/basiclayer/pgfcore.sty (c:/Users/MWER0040/AppData/Roaming/TinyTeX/texmf-dist/tex/latex/graphics/graphicx.sty
Package: graphicx 2024/12/31 v1.2e Enhanced LaTeX Graphics (DPC,SPQR)
 (c:/Users/MWER0040/AppData/Roaming/TinyTeX/texmf-dist/tex/latex/graphics/graphics.sty
Package: graphics 2024/08/06 v1.4g Standard LaTeX Graphics (DPC,SPQR)
 (c:/Users/MWER0040/AppData/Roaming/TinyTeX/texmf-dist/tex/latex/graphics/trig.sty
Package: trig 2023/12/02 v1.11 sin cos tan (DPC)
) (c:/Users/MWER0040/AppData/Roaming/TinyTeX/texmf-dist/tex/latex/graphics-cfg/graphics.cfg
File: graphics.cfg 2016/06/04 v1.11 sample graphics configuration
)
Package graphics Info: Driver file: pdftex.def on input line 106.
)
\Gin@req@height=\dimen189
\Gin@req@width=\dimen190
) (c:/Users/MWER0040/AppData/Roaming/TinyTeX/texmf-dist/tex/latex/pgf/systemlayer/pgfsys.sty (c:/Users/MWER0040/AppData/Roaming/TinyTeX/texmf-dist/tex/generic/pgf/systemlayer/pgfsys.code.tex
Package: pgfsys 2025-08-29 v3.1.11a (3.1.11a)
 (c:/Users/MWER0040/AppData/Roaming/TinyTeX/texmf-dist/tex/generic/pgf/utilities/pgfkeys.code.tex
\pgfkeys@pathtoks=\toks27
\pgfkeys@temptoks=\toks28
 (c:/Users/MWER0040/AppData/Roaming/TinyTeX/texmf-dist/tex/generic/pgf/utilities/pgfkeyslibraryfiltered.code.tex
\pgfkeys@tmptoks=\toks29
))
\pgf@x=\dimen191
\pgf@y=\dimen192
\pgf@xa=\dimen193
\pgf@ya=\dimen194
\pgf@xb=\dimen195
\pgf@yb=\dimen196
\pgf@xc=\dimen197
\pgf@yc=\dimen198
\pgf@xd=\dimen199
\pgf@yd=\dimen256
\w@pgf@writea=\write3
\r@pgf@reada=\read2
\c@pgf@counta=\count317
\c@pgf@countb=\count318
\c@pgf@countc=\count319
\c@pgf@countd=\count320
\t@pgf@toka=\toks30
\t@pgf@tokb=\toks31
\t@pgf@tokc=\toks32
\pgf@sys@id@count=\count321
 (c:/Users/MWER0040/AppData/Roaming/TinyTeX/texmf-dist/tex/generic/pgf/systemlayer/pgf.cfg
File: pgf.cfg 2025-08-29 v3.1.11a (3.1.11a)
)
Driver file for pgf: pgfsys-pdftex.def
 (c:/Users/MWER0040/AppData/Roaming/TinyTeX/texmf-dist/tex/generic/pgf/systemlayer/pgfsys-pdftex.def
File: pgfsys-pdftex.def 2025-08-29 v3.1.11a (3.1.11a)
 (c:/Users/MWER0040/AppData/Roaming/TinyTeX/texmf-dist/tex/generic/pgf/systemlayer/pgfsys-common-pdf.def
File: pgfsys-common-pdf.def 2025-08-29 v3.1.11a (3.1.11a)
))) (c:/Users/MWER0040/AppData/Roaming/TinyTeX/texmf-dist/tex/generic/pgf/systemlayer/pgfsyssoftpath.code.tex
File: pgfsyssoftpath.code.tex 2025-08-29 v3.1.11a (3.1.11a)
\pgfsyssoftpath@smallbuffer@items=\count322
\pgfsyssoftpath@bigbuffer@items=\count323
) (c:/Users/MWER0040/AppData/Roaming/TinyTeX/texmf-dist/tex/generic/pgf/systemlayer/pgfsysprotocol.code.tex
File: pgfsysprotocol.code.tex 2025-08-29 v3.1.11a (3.1.11a)
)) (c:/Users/MWER0040/AppData/Roaming/TinyTeX/texmf-dist/tex/generic/pgf/basiclayer/pgfcore.code.tex
Package: pgfcore 2025-08-29 v3.1.11a (3.1.11a)
 (c:/Users/MWER0040/AppData/Roaming/TinyTeX/texmf-dist/tex/generic/pgf/math/pgfmath.code.tex (c:/Users/MWER0040/AppData/Roaming/TinyTeX/texmf-dist/tex/generic/pgf/math/pgfmathutil.code.tex) (c:/Users/MWER0040/AppData/Roaming/TinyTeX/texmf-dist/tex/generic/pgf/math/pgfmathparser.code.tex
\pgfmath@dimen=\dimen257
\pgfmath@count=\count324
\pgfmath@box=\box59
\pgfmath@toks=\toks33
\pgfmath@stack@operand=\toks34
\pgfmath@stack@operation=\toks35
) (c:/Users/MWER0040/AppData/Roaming/TinyTeX/texmf-dist/tex/generic/pgf/math/pgfmathfunctions.code.tex) (c:/Users/MWER0040/AppData/Roaming/TinyTeX/texmf-dist/tex/generic/pgf/math/pgfmathfunctions.basic.code.tex) (c:/Users/MWER0040/AppData/Roaming/TinyTeX/texmf-dist/tex/generic/pgf/math/pgfmathfunctions.trigonometric.code.tex) (c:/Users/MWER0040/AppData/Roaming/TinyTeX/texmf-dist/tex/generic/pgf/math/pgfmathfunctions.random.code.tex) (c:/Users/MWER0040/AppData/Roaming/TinyTeX/texmf-dist/tex/generic/pgf/math/pgfmathfunctions.comparison.code.tex) (c:/Users/MWER0040/AppData/Roaming/TinyTeX/texmf-dist/tex/generic/pgf/math/pgfmathfunctions.base.code.tex) (c:/Users/MWER0040/AppData/Roaming/TinyTeX/texmf-dist/tex/generic/pgf/math/pgfmathfunctions.round.code.tex) (c:/Users/MWER0040/AppData/Roaming/TinyTeX/texmf-dist/tex/generic/pgf/math/pgfmathfunctions.misc.code.tex) (c:/Users/MWER0040/AppData/Roaming/TinyTeX/texmf-dist/tex/generic/pgf/math/pgfmathfunctions.integerarithmetics.code.tex) (c:/Users/MWER0040/AppData/Roaming/TinyTeX/texmf-dist/tex/generic/pgf/math/pgfmathcalc.code.tex) (c:/Users/MWER0040/AppData/Roaming/TinyTeX/texmf-dist/tex/generic/pgf/math/pgfmathfloat.code.tex
\c@pgfmathroundto@lastzeros=\count325
)) (c:/Users/MWER0040/AppData/Roaming/TinyTeX/texmf-dist/tex/generic/pgf/math/pgfint.code.tex) (c:/Users/MWER0040/AppData/Roaming/TinyTeX/texmf-dist/tex/generic/pgf/basiclayer/pgfcorepoints.code.tex
File: pgfcorepoints.code.tex 2025-08-29 v3.1.11a (3.1.11a)
\pgf@picminx=\dimen258
\pgf@picmaxx=\dimen259
\pgf@picminy=\dimen260
\pgf@picmaxy=\dimen261
\pgf@pathminx=\dimen262
\pgf@pathmaxx=\dimen263
\pgf@pathminy=\dimen264
\pgf@pathmaxy=\dimen265
\pgf@xx=\dimen266
\pgf@xy=\dimen267
\pgf@yx=\dimen268
\pgf@yy=\dimen269
\pgf@zx=\dimen270
\pgf@zy=\dimen271
) (c:/Users/MWER0040/AppData/Roaming/TinyTeX/texmf-dist/tex/generic/pgf/basiclayer/pgfcorepathconstruct.code.tex
File: pgfcorepathconstruct.code.tex 2025-08-29 v3.1.11a (3.1.11a)
\pgf@path@lastx=\dimen272
\pgf@path@lasty=\dimen273
) (c:/Users/MWER0040/AppData/Roaming/TinyTeX/texmf-dist/tex/generic/pgf/basiclayer/pgfcorepathusage.code.tex
File: pgfcorepathusage.code.tex 2025-08-29 v3.1.11a (3.1.11a)
\pgf@shorten@end@additional=\dimen274
\pgf@shorten@start@additional=\dimen275
) (c:/Users/MWER0040/AppData/Roaming/TinyTeX/texmf-dist/tex/generic/pgf/basiclayer/pgfcorescopes.code.tex
File: pgfcorescopes.code.tex 2025-08-29 v3.1.11a (3.1.11a)
\pgfpic=\box60
\pgf@hbox=\box61
\pgf@layerbox@main=\box62
\pgf@picture@serial@count=\count326
) (c:/Users/MWER0040/AppData/Roaming/TinyTeX/texmf-dist/tex/generic/pgf/basiclayer/pgfcoregraphicstate.code.tex
File: pgfcoregraphicstate.code.tex 2025-08-29 v3.1.11a (3.1.11a)
\pgflinewidth=\dimen276
) (c:/Users/MWER0040/AppData/Roaming/TinyTeX/texmf-dist/tex/generic/pgf/basiclayer/pgfcoretransformations.code.tex
File: pgfcoretransformations.code.tex 2025-08-29 v3.1.11a (3.1.11a)
\pgf@pt@x=\dimen277
\pgf@pt@y=\dimen278
\pgf@pt@temp=\dimen279
) (c:/Users/MWER0040/AppData/Roaming/TinyTeX/texmf-dist/tex/generic/pgf/basiclayer/pgfcorequick.code.tex
File: pgfcorequick.code.tex 2025-08-29 v3.1.11a (3.1.11a)
) (c:/Users/MWER0040/AppData/Roaming/TinyTeX/texmf-dist/tex/generic/pgf/basiclayer/pgfcoreobjects.code.tex
File: pgfcoreobjects.code.tex 2025-08-29 v3.1.11a (3.1.11a)
) (c:/Users/MWER0040/AppData/Roaming/TinyTeX/texmf-dist/tex/generic/pgf/basiclayer/pgfcorepathprocessing.code.tex
File: pgfcorepathprocessing.code.tex 2025-08-29 v3.1.11a (3.1.11a)
) (c:/Users/MWER0040/AppData/Roaming/TinyTeX/texmf-dist/tex/generic/pgf/basiclayer/pgfcorearrows.code.tex
File: pgfcorearrows.code.tex 2025-08-29 v3.1.11a (3.1.11a)
\pgfarrowsep=\dimen280
) (c:/Users/MWER0040/AppData/Roaming/TinyTeX/texmf-dist/tex/generic/pgf/basiclayer/pgfcoreshade.code.tex
File: pgfcoreshade.code.tex 2025-08-29 v3.1.11a (3.1.11a)
\pgf@max=\dimen281
\pgf@sys@shading@range@num=\count327
\pgf@shadingcount=\count328
) (c:/Users/MWER0040/AppData/Roaming/TinyTeX/texmf-dist/tex/generic/pgf/basiclayer/pgfcoreimage.code.tex
File: pgfcoreimage.code.tex 2025-08-29 v3.1.11a (3.1.11a)
) (c:/Users/MWER0040/AppData/Roaming/TinyTeX/texmf-dist/tex/generic/pgf/basiclayer/pgfcoreexternal.code.tex
File: pgfcoreexternal.code.tex 2025-08-29 v3.1.11a (3.1.11a)
\pgfexternal@startupbox=\box63
) (c:/Users/MWER0040/AppData/Roaming/TinyTeX/texmf-dist/tex/generic/pgf/basiclayer/pgfcorelayers.code.tex
File: pgfcorelayers.code.tex 2025-08-29 v3.1.11a (3.1.11a)
) (c:/Users/MWER0040/AppData/Roaming/TinyTeX/texmf-dist/tex/generic/pgf/basiclayer/pgfcoretransparency.code.tex
File: pgfcoretransparency.code.tex 2025-08-29 v3.1.11a (3.1.11a)
) (c:/Users/MWER0040/AppData/Roaming/TinyTeX/texmf-dist/tex/generic/pgf/basiclayer/pgfcorepatterns.code.tex
File: pgfcorepatterns.code.tex 2025-08-29 v3.1.11a (3.1.11a)
) (c:/Users/MWER0040/AppData/Roaming/TinyTeX/texmf-dist/tex/generic/pgf/basiclayer/pgfcorerdf.code.tex
File: pgfcorerdf.code.tex 2025-08-29 v3.1.11a (3.1.11a)
))) (c:/Users/MWER0040/AppData/Roaming/TinyTeX/texmf-dist/tex/generic/pgf/modules/pgfmoduleshapes.code.tex
File: pgfmoduleshapes.code.tex 2025-08-29 v3.1.11a (3.1.11a)
\pgfnodeparttextbox=\box64
) (c:/Users/MWER0040/AppData/Roaming/TinyTeX/texmf-dist/tex/generic/pgf/modules/pgfmoduleplot.code.tex
File: pgfmoduleplot.code.tex 2025-08-29 v3.1.11a (3.1.11a)
) (c:/Users/MWER0040/AppData/Roaming/TinyTeX/texmf-dist/tex/latex/pgf/compatibility/pgfcomp-version-0-65.sty
Package: pgfcomp-version-0-65 2025-08-29 v3.1.11a (3.1.11a)
\pgf@nodesepstart=\dimen282
\pgf@nodesepend=\dimen283
) (c:/Users/MWER0040/AppData/Roaming/TinyTeX/texmf-dist/tex/latex/pgf/compatibility/pgfcomp-version-1-18.sty
Package: pgfcomp-version-1-18 2025-08-29 v3.1.11a (3.1.11a)
)) (c:/Users/MWER0040/AppData/Roaming/TinyTeX/texmf-dist/tex/latex/pgf/utilities/pgffor.sty (c:/Users/MWER0040/AppData/Roaming/TinyTeX/texmf-dist/tex/latex/pgf/utilities/pgfkeys.sty (c:/Users/MWER0040/AppData/Roaming/TinyTeX/texmf-dist/tex/generic/pgf/utilities/pgfkeys.code.tex)) (c:/Users/MWER0040/AppData/Roaming/TinyTeX/texmf-dist/tex/latex/pgf/math/pgfmath.sty (c:/Users/MWER0040/AppData/Roaming/TinyTeX/texmf-dist/tex/generic/pgf/math/pgfmath.code.tex)) (c:/Users/MWER0040/AppData/Roaming/TinyTeX/texmf-dist/tex/generic/pgf/utilities/pgffor.code.tex
Package: pgffor 2025-08-29 v3.1.11a (3.1.11a)
\pgffor@iter=\dimen284
\pgffor@skip=\dimen285
\pgffor@stack=\toks36
\pgffor@toks=\toks37
)) (c:/Users/MWER0040/AppData/Roaming/TinyTeX/texmf-dist/tex/generic/pgf/frontendlayer/tikz/tikz.code.tex
Package: tikz 2025-08-29 v3.1.11a (3.1.11a)
 (c:/Users/MWER0040/AppData/Roaming/TinyTeX/texmf-dist/tex/generic/pgf/libraries/pgflibraryplothandlers.code.tex
File: pgflibraryplothandlers.code.tex 2025-08-29 v3.1.11a (3.1.11a)
\pgf@plot@mark@count=\count329
\pgfplotmarksize=\dimen286
)
\tikz@lastx=\dimen287
\tikz@lasty=\dimen288
\tikz@lastxsaved=\dimen289
\tikz@lastysaved=\dimen290
\tikz@lastmovetox=\dimen291
\tikz@lastmovetoy=\dimen292
\tikzleveldistance=\dimen293
\tikzsiblingdistance=\dimen294
\tikz@figbox=\box65
\tikz@figbox@bg=\box66
\tikz@tempbox=\box67
\tikz@tempbox@bg=\box68
\tikztreelevel=\count330
\tikznumberofchildren=\count331
\tikznumberofcurrentchild=\count332
\tikz@fig@count=\count333
 (c:/Users/MWER0040/AppData/Roaming/TinyTeX/texmf-dist/tex/generic/pgf/modules/pgfmodulematrix.code.tex
File: pgfmodulematrix.code.tex 2025-08-29 v3.1.11a (3.1.11a)
\pgfmatrixcurrentrow=\count334
\pgfmatrixcurrentcolumn=\count335
\pgf@matrix@numberofcolumns=\count336
)
\tikz@expandcount=\count337
 (c:/Users/MWER0040/AppData/Roaming/TinyTeX/texmf-dist/tex/generic/pgf/frontendlayer/tikz/libraries/tikzlibrarytopaths.code.tex
File: tikzlibrarytopaths.code.tex 2025-08-29 v3.1.11a (3.1.11a)
))) (c:/Users/MWER0040/AppData/Roaming/TinyTeX/texmf-dist/tex/latex/tools/verbatim.sty
Package: verbatim 2024-01-22 v1.5x LaTeX2e package for verbatim enhancements
\every@verbatim=\toks38
\verbatim@line=\toks39
\verbatim@in@stream=\read3
) (c:/Users/MWER0040/AppData/Roaming/TinyTeX/texmf-dist/tex/latex/environ/environ.sty
Package: environ 2014/05/04 v0.3 A new way to define environments
 (c:/Users/MWER0040/AppData/Roaming/TinyTeX/texmf-dist/tex/latex/trimspaces/trimspaces.sty
Package: trimspaces 2009/09/17 v1.1 Trim spaces around a token list
))
\tcb@titlebox=\box69
\tcb@upperbox=\box70
\tcb@lowerbox=\box71
\tcb@phantombox=\box72
\c@tcbbreakpart=\count338
\c@tcblayer=\count339
\c@tcolorbox@number=\count340
\l__tcobox_tmpa_box=\box73
\l__tcobox_tmpa_dim=\dimen295
\tcb@temp=\box74
\tcb@temp=\box75
\tcb@temp=\box76
\tcb@temp=\box77
) (c:/Users/MWER0040/AppData/Roaming/TinyTeX/texmf-dist/tex/latex/parskip/parskip.sty
Package: parskip 2021-03-14 v2.0h non-zero parskip adjustments
) (c:/Users/MWER0040/AppData/Roaming/TinyTeX/texmf-dist/tex/latex/microtype/microtype.sty
Package: microtype 2026/03/01 v3.2d Micro-typographical refinements (RS)
\MT@toks=\toks40
\MT@tempbox=\box78
\MT@count=\count341
LaTeX Info: Redefining \noprotrusionifhmode on input line 1084.
LaTeX Info: Redefining \leftprotrusion on input line 1085.
\MT@prot@toks=\toks41
LaTeX Info: Redefining \rightprotrusion on input line 1104.
LaTeX Info: Redefining \textls on input line 1449.
\MT@outer@kern=\dimen296
LaTeX Info: Redefining \microtypecontext on input line 2053.
LaTeX Info: Redefining \textmicrotypecontext on input line 2070.
\MT@listname@count=\count342
 (c:/Users/MWER0040/AppData/Roaming/TinyTeX/texmf-dist/tex/latex/microtype/microtype-pdftex.def
File: microtype-pdftex.def 2026/03/01 v3.2d Definitions specific to pdftex (RS)
LaTeX Info: Redefining \lsstyle on input line 944.
LaTeX Info: Redefining \lslig on input line 944.
\MT@outer@space=\skip60
)
Package microtype Info: Loading configuration file microtype.cfg.
 (c:/Users/MWER0040/AppData/Roaming/TinyTeX/texmf-dist/tex/latex/microtype/microtype.cfg
File: microtype.cfg 2026/03/01 v3.2d microtype main configuration file (RS)
)
LaTeX Info: Redefining \microtypesetup on input line 3065.
) (c:/Users/MWER0040/AppData/Roaming/TinyTeX/texmf-dist/tex/latex/titlesec/titlesec.sty
Package: titlesec 2025/01/04 v2.17 Sectioning titles
\ttl@box=\box79
\beforetitleunit=\skip61
\aftertitleunit=\skip62
\ttl@plus=\dimen297
\ttl@minus=\dimen298
\ttl@toksa=\toks42
\titlewidth=\dimen299
\titlewidthlast=\dimen300
\titlewidthfirst=\dimen301
) (c:/Users/MWER0040/AppData/Roaming/TinyTeX/texmf-dist/tex/latex/tools/tabularx.sty
Package: tabularx 2023/12/11 v2.12a `tabularx' package (DPC)
\TX@col@width=\dimen302
\TX@old@table=\dimen303
\TX@old@col=\dimen304
\TX@target=\dimen305
\TX@delta=\dimen306
\TX@cols=\count343
\TX@ftn=\toks43
)
Package hyperref Info: Option `colorlinks' set `true' on input line 44.
 (c:/Users/MWER0040/AppData/Roaming/TinyTeX/texmf-dist/tex/latex/l3backend/l3backend-pdftex.def
File: l3backend-pdftex.def 2025-10-09 L3 backend support: PDF output (pdfTeX)
\l__color_backend_stack_int=\count344
) (./opera_analysis_plan.aux)
\openout1 = `opera_analysis_plan.aux'.

LaTeX Font Info:    Checking defaults for OML/cmm/m/it on input line 56.
LaTeX Font Info:    ... okay on input line 56.
LaTeX Font Info:    Checking defaults for OMS/cmsy/m/n on input line 56.
LaTeX Font Info:    ... okay on input line 56.
LaTeX Font Info:    Checking defaults for OT1/cmr/m/n on input line 56.
LaTeX Font Info:    ... okay on input line 56.
LaTeX Font Info:    Checking defaults for T1/cmr/m/n on input line 56.
LaTeX Font Info:    ... okay on input line 56.
LaTeX Font Info:    Checking defaults for TS1/cmr/m/n on input line 56.
LaTeX Font Info:    ... okay on input line 56.
LaTeX Font Info:    Checking defaults for OMX/cmex/m/n on input line 56.
LaTeX Font Info:    ... okay on input line 56.
LaTeX Font Info:    Checking defaults for U/cmr/m/n on input line 56.
LaTeX Font Info:    ... okay on input line 56.
LaTeX Font Info:    Checking defaults for PD1/pdf/m/n on input line 56.
LaTeX Font Info:    ... okay on input line 56.
LaTeX Font Info:    Checking defaults for PU/pdf/m/n on input line 56.
LaTeX Font Info:    ... okay on input line 56.

*geometry* driver: auto-detecting
*geometry* detected driver: pdftex
*geometry* verbose mode - [ preamble ] result:
* driver: pdftex
* paper: a4paper
* layout: <same size as paper>
* layoutoffset:(h,v)=(0.0pt,0.0pt)
* modes: 
* h-part:(L,W,R)=(71.13188pt, 455.24411pt, 71.13188pt)
* v-part:(T,H,B)=(71.13188pt, 702.78308pt, 71.13188pt)
* \paperwidth=597.50787pt
* \paperheight=845.04684pt
* \textwidth=455.24411pt
* \textheight=702.78308pt
* \oddsidemargin=-1.1381pt
* \evensidemargin=-1.1381pt
* \topmargin=-38.1381pt
* \headheight=12.0pt
* \headsep=25.0pt
* \topskip=11.0pt
* \footskip=30.0pt
* \marginparwidth=50.0pt
* \marginparsep=10.0pt
* \columnsep=10.0pt
* \skip\footins=10.0pt plus 4.0pt minus 2.0pt
* \hoffset=0.0pt
* \voffset=0.0pt
* \mag=1000
* \@twocolumnfalse
* \@twosidefalse
* \@mparswitchfalse
* \@reversemarginfalse
* (1in=72.27pt=25.4mm, 1cm=28.453pt)

(c:/Users/MWER0040/AppData/Roaming/TinyTeX/texmf-dist/tex/context/base/mkii/supp-pdf.mkii
[Loading MPS to PDF converter (version 2006.09.02).]
\scratchcounter=\count345
\scratchdimen=\dimen307
\scratchbox=\box80
\nofMPsegments=\count346
\nofMParguments=\count347
\everyMPshowfont=\toks44
\MPscratchCnt=\count348
\MPscratchDim=\dimen308
\MPnumerator=\count349
\makeMPintoPDFobject=\count350
\everyMPtoPDFconversion=\toks45
) (c:/Users/MWER0040/AppData/Roaming/TinyTeX/texmf-dist/tex/latex/epstopdf-pkg/epstopdf-base.sty
Package: epstopdf-base 2020-01-24 v2.11 Base part for package epstopdf
Package epstopdf-base Info: Redefining graphics rule for `.eps' on input line 485.
 (c:/Users/MWER0040/AppData/Roaming/TinyTeX/texmf-dist/tex/latex/latexconfig/epstopdf-sys.cfg
File: epstopdf-sys.cfg 2010/07/13 v1.3 Configuration of (r)epstopdf for TeX Live
))
Package hyperref Info: Link coloring ON on input line 56.
\@outlinefile=\write4
\openout4 = `opera_analysis_plan.out'.

LaTeX Info: Redefining \microtypecontext on input line 56.
Package microtype Info: Applying patch `item' on input line 56.
Package microtype Info: Applying patch `toc' on input line 56.
Package microtype Info: Applying patch `eqnum' on input line 56.
Package microtype Info: Applying patch `footnote' on input line 56.
Package microtype Info: Applying patch `verbatim' on input line 56.
LaTeX Info: Redefining \microtypesetup on input line 56.
Package microtype Info: Generating PDF output.
Package microtype Info: Character protrusion enabled (level 2).
Package microtype Info: Using default protrusion set `alltext'.
Package microtype Info: Automatic font expansion enabled (level 2),
(microtype)             stretch: 20, shrink: 20, step: 1, non-selected.
Package microtype Info: Using default expansion set `alltext-nott'.
Package microtype Info: Patching command `\showhyphens'.
Package microtype Info: No adjustment of tracking.
Package microtype Info: No adjustment of interword spacing.
Package microtype Info: No adjustment of character kerning.
 (c:/Users/MWER0040/AppData/Roaming/TinyTeX/texmf-dist/tex/latex/microtype/mt-cmr.cfg
File: mt-cmr.cfg 2013/05/19 v2.2 microtype config. file: Computer Modern Roman (RS)
)

LaTeX Warning: Reference `sec:variants' on page 1 undefined on input line 103.

[1

{c:/Users/MWER0040/AppData/Roaming/TinyTeX/texmf-var/fonts/map/pdftex/updmap/pdftex.map}{c:/Users/MWER0040/AppData/Roaming/TinyTeX/texmf-dist/fonts/enc/dvips/cm-super/cm-super-ts1.enc}] [2]
Underfull \hbox (badness 10000) in paragraph at lines 255--255
[]|\OT1/cmr/m/n/10.95 (+20) Does
 []


Underfull \hbox (badness 10000) in paragraph at lines 255--255
\OT1/cmr/m/n/10.95 (+20) da-tion
 []


Underfull \hbox (badness 10000) in paragraph at lines 255--255
\OT1/cmr/m/n/10.95 (+20) model
 []


Underfull \hbox (badness 10000) in paragraph at lines 255--255
\OT1/cmr/m/n/10.95 (+20) prior
 []


Underfull \hbox (badness 10000) in paragraph at lines 255--255
\OT1/cmr/m/n/10.95 (+20) mat-ter
 []


Underfull \hbox (badness 10000) in paragraph at lines 255--255
\OT1/cmr/m/n/10.95 (+20) be-yond
 []


Underfull \hbox (badness 10000) in paragraph at lines 255--255
\OT1/cmr/m/n/10.95 (+20) ar-chi-tec-
 []


Overfull \hbox (5.06587pt too wide) in paragraph at lines 255--255
\OT1/cmr/m/n/10.95 (-20) population
 []


Underfull \hbox (badness 10000) in paragraph at lines 255--255
\OT1/cmr/m/n/10.95 (+20) pa-tients
 []


Underfull \hbox (badness 10000) in paragraph at lines 255--255
\OT1/cmr/m/n/10.95 (+20) add
 []


Underfull \hbox (badness 10000) in paragraph at lines 255--255
\OT1/cmr/m/n/10.95 (+20) use-ful
 []


Underfull \hbox (badness 10000) in paragraph at lines 255--255
\OT1/cmr/m/n/10.95 (+20) struc-
 []


Underfull \hbox (badness 10000) in paragraph at lines 255--255
\OT1/cmr/m/n/10.95 (+20) ture for
 []


Underfull \hbox (badness 10000) in paragraph at lines 255--255
\OT1/cmr/m/n/10.95 (+20) un-usual
 []


Underfull \hbox (badness 10000) in paragraph at lines 255--255
\OT1/cmr/m/n/10.95 (+20) haema-
 []


Underfull \hbox (badness 10000) in paragraph at lines 255--255
\OT1/cmr/m/n/10.95 (+20) tol-ogy
 []


Underfull \hbox (badness 10000) in paragraph at lines 255--255
\OT1/cmr/m/n/10.95 (+20) tol-ogy
 []


Underfull \hbox (badness 10000) in paragraph at lines 255--255
\OT1/cmr/m/n/10.95 (+20) do-main
 []


Underfull \hbox (badness 5288) in paragraph at lines 255--255
\OT1/cmr/m/n/10.95 (+20) and cor-
 []


Underfull \hbox (badness 10000) in paragraph at lines 255--255
[]|\OT1/cmr/m/n/10.95 (+20) Do out-
 []


Underfull \hbox (badness 10000) in paragraph at lines 255--255
\OT1/cmr/m/n/10.95 (+20) comes
 []


Underfull \hbox (badness 10000) in paragraph at lines 255--255
\OT1/cmr/m/n/10.95 (+20) add
 []


Underfull \hbox (badness 10000) in paragraph at lines 255--255
\OT1/cmr/m/n/10.95 (+20) sig-nal
 []


Underfull \hbox (badness 10000) in paragraph at lines 255--255
\OT1/cmr/m/n/10.95 (+20) be-yond
 []


Underfull \hbox (badness 10000) in paragraph at lines 255--255
\OT1/cmr/m/n/10.95 (+20) what
 []


Underfull \hbox (badness 10000) in paragraph at lines 255--255
\OT1/cmr/m/n/10.95 (+20) se-quence
 []


Underfull \hbox (badness 10000) in paragraph at lines 255--255
\OT1/cmr/m/n/10.95 (+20) dis-tri-
 []


Underfull \hbox (badness 10000) in paragraph at lines 255--255
\OT1/cmr/m/n/10.95 (+20) bu-tions
 []


Underfull \hbox (badness 10000) in paragraph at lines 255--255
[]|\OT1/cmr/m/n/10.95 (+20) Does
 []


Underfull \hbox (badness 10000) in paragraph at lines 255--255
\OT1/cmr/m/n/10.95 (+20) cross-
 []


Underfull \hbox (badness 10000) in paragraph at lines 255--255
\OT1/cmr/m/n/10.95 (+20) disease
 []


Underfull \hbox (badness 10000) in paragraph at lines 255--255
\OT1/cmr/m/n/10.95 (+20) con-
 []


Underfull \hbox (badness 10000) in paragraph at lines 255--255
\OT1/cmr/m/n/10.95 (+20) trastive
 []


Underfull \hbox (badness 10000) in paragraph at lines 255--255
\OT1/cmr/m/n/10.95 (+20) train-ing
 []


Underfull \hbox (badness 10000) in paragraph at lines 255--255
[]|\OT1/cmr/m/n/10.95 (+20) Does a
 []


Underfull \hbox (badness 10000) in paragraph at lines 255--255
\OT1/cmr/m/n/10.95 (+20) sin-gle
 []


Underfull \hbox (badness 10000) in paragraph at lines 255--255
\OT1/cmr/m/n/10.95 (+20) joint
 []


Underfull \hbox (badness 10000) in paragraph at lines 255--255
\OT1/cmr/m/n/10.95 (+20) model
 []


Underfull \hbox (badness 10000) in paragraph at lines 255--255
\OT1/cmr/m/n/10.95 (+20) a-rately
 []


Underfull \hbox (badness 10000) in paragraph at lines 255--255
\OT1/cmr/m/n/10.95 (+20) trained
 []


Underfull \hbox (badness 10000) in paragraph at lines 255--255
\OT1/cmr/m/n/10.95 (+20) bet-ter
 []


Underfull \hbox (badness 3977) in paragraph at lines 255--255
\OT1/cmr/m/n/10.95 (+20) at us-ing
 []


Underfull \hbox (badness 10000) in paragraph at lines 255--255
[]|\OT1/cmr/m/n/10.95 (+20) Does
 []


Underfull \hbox (badness 10000) in paragraph at lines 255--255
\OT1/cmr/m/n/10.95 (+20) struc-
 []


Underfull \hbox (badness 10000) in paragraph at lines 255--255
\OT1/cmr/m/n/10.95 (+20) tured
 []


Underfull \hbox (badness 10000) in paragraph at lines 255--255
\OT1/cmr/m/n/10.95 (+20) RKKP
 []


Underfull \hbox (badness 10000) in paragraph at lines 255--255
\OT1/cmr/m/n/10.95 (+20) data
 []


Underfull \hbox (badness 10000) in paragraph at lines 255--255
[]|\OT1/cmr/m/n/10.95 (+20) Does
 []


Underfull \hbox (badness 10000) in paragraph at lines 255--255
\OT1/cmr/m/n/10.95 (+20) the FM
 []


Underfull \hbox (badness 10000) in paragraph at lines 255--255
\OT1/cmr/m/n/10.95 (+20) im-prove
 []


Underfull \hbox (badness 10000) in paragraph at lines 255--255
\OT1/cmr/m/n/10.95 (+20) even
 []


Underfull \hbox (badness 10000) in paragraph at lines 255--255
\OT1/cmr/m/n/10.95 (+20) when
 []


Underfull \hbox (badness 10000) in paragraph at lines 255--255
\OT1/cmr/m/n/10.95 (+20) RKKP
 []


Underfull \hbox (badness 10000) in paragraph at lines 255--255
\OT1/cmr/m/n/10.95 (+20) is avail-
 []


Underfull \hbox (badness 10000) in paragraph at lines 255--255
[]|\OT1/cmr/m/n/10.95 (+20) Is ML
 []


Underfull \hbox (badness 10000) in paragraph at lines 255--255
\OT1/cmr/m/n/10.95 (+20) clin-i-cally
 []

[3]
Overfull \vbox (374.2691pt too high) has occurred while \output is active []

 [4]
Underfull \hbox (badness 1565) in paragraph at lines 290--292
[]\OT1/cmr/m/n/10.95 (+20) Extract the top-100 most un-cer-tain pa-tients us-ing \OT1/cmtt/m/n/10 rank[]by[]uncertainty(results,
 []

[5] [6]
Overfull \hbox (4.09715pt too wide) in paragraph at lines 442--445
[]\OT1/cmr/bx/n/10.95 (-20) Script: \OT1/cmtt/m/n/10 opera/visualization/embedding[]plots.py \OT1/cmr/m/n/10.95 (-20) | \OT1/cmtt/m/n/10 plot[]embedding[]projection(embeddings,
 []

[7] [8]
c:/Users/MWER0040/Documents/opera_project/paper/opera_analysis_plan.tex:618: Undefined control sequence.
<recently read> \square 
                        
l.618 \end{tabularx}
                    
The control sequence at the end of the top line
of your error message was never \def'ed. If you have
misspelled it (e.g., `\hobx'), type `I' and the correct
spelling (e.g., `I\hbox'). Otherwise just continue,
and I'll forget about whatever was undefined.

c:/Users/MWER0040/Documents/opera_project/paper/opera_analysis_plan.tex:618: Undefined control sequence.
<recently read> \square 
                        
l.618 \end{tabularx}
                    
The control sequence at the end of the top line
of your error message was never \def'ed. If you have
misspelled it (e.g., `\hobx'), type `I' and the correct
spelling (e.g., `I\hbox'). Otherwise just continue,
and I'll forget about whatever was undefined.

c:/Users/MWER0040/Documents/opera_project/paper/opera_analysis_plan.tex:618: Undefined control sequence.
<recently read> \square 
                        
l.618 \end{tabularx}
                    
The control sequence at the end of the top line
of your error message was never \def'ed. If you have
misspelled it (e.g., `\hobx'), type `I' and the correct
spelling (e.g., `I\hbox'). Otherwise just continue,
and I'll forget about whatever was undefined.

c:/Users/MWER0040/Documents/opera_project/paper/opera_analysis_plan.tex:618: Undefined control sequence.
<recently read> \square 
                        
l.618 \end{tabularx}
                    
The control sequence at the end of the top line
of your error message was never \def'ed. If you have
misspelled it (e.g., `\hobx'), type `I' and the correct
spelling (e.g., `I\hbox'). Otherwise just continue,
and I'll forget about whatever was undefined.

c:/Users/MWER0040/Documents/opera_project/paper/opera_analysis_plan.tex:618: Undefined control sequence.
<recently read> \square 
                        
l.618 \end{tabularx}
                    
The control sequence at the end of the top line
of your error message was never \def'ed. If you have
misspelled it (e.g., `\hobx'), type `I' and the correct
spelling (e.g., `I\hbox'). Otherwise just continue,
and I'll forget about whatever was undefined.

c:/Users/MWER0040/Documents/opera_project/paper/opera_analysis_plan.tex:618: Undefined control sequence.
<recently read> \square 
                        
l.618 \end{tabularx}
                    
The control sequence at the end of the top line
of your error message was never \def'ed. If you have
misspelled it (e.g., `\hobx'), type `I' and the correct
spelling (e.g., `I\hbox'). Otherwise just continue,
and I'll forget about whatever was undefined.

c:/Users/MWER0040/Documents/opera_project/paper/opera_analysis_plan.tex:618: Undefined control sequence.
<recently read> \square 
                        
l.618 \end{tabularx}
                    
The control sequence at the end of the top line
of your error message was never \def'ed. If you have
misspelled it (e.g., `\hobx'), type `I' and the correct
spelling (e.g., `I\hbox'). Otherwise just continue,
and I'll forget about whatever was undefined.

c:/Users/MWER0040/Documents/opera_project/paper/opera_analysis_plan.tex:618: Undefined control sequence.
<recently read> \square 
                        
l.618 \end{tabularx}
                    
The control sequence at the end of the top line
of your error message was never \def'ed. If you have
misspelled it (e.g., `\hobx'), type `I' and the correct
spelling (e.g., `I\hbox'). Otherwise just continue,
and I'll forget about whatever was undefined.

c:/Users/MWER0040/Documents/opera_project/paper/opera_analysis_plan.tex:618: Undefined control sequence.
<recently read> \square 
                        
l.618 \end{tabularx}
                    
The control sequence at the end of the top line
of your error message was never \def'ed. If you have
misspelled it (e.g., `\hobx'), type `I' and the correct
spelling (e.g., `I\hbox'). Otherwise just continue,
and I'll forget about whatever was undefined.

c:/Users/MWER0040/Documents/opera_project/paper/opera_analysis_plan.tex:618: Undefined control sequence.
<recently read> \square 
                        
l.618 \end{tabularx}
                    
The control sequence at the end of the top line
of your error message was never \def'ed. If you have
misspelled it (e.g., `\hobx'), type `I' and the correct
spelling (e.g., `I\hbox'). Otherwise just continue,
and I'll forget about whatever was undefined.

c:/Users/MWER0040/Documents/opera_project/paper/opera_analysis_plan.tex:618: Undefined control sequence.
<recently read> \square 
                        
l.618 \end{tabularx}
                    
The control sequence at the end of the top line
of your error message was never \def'ed. If you have
misspelled it (e.g., `\hobx'), type `I' and the correct
spelling (e.g., `I\hbox'). Otherwise just continue,
and I'll forget about whatever was undefined.

c:/Users/MWER0040/Documents/opera_project/paper/opera_analysis_plan.tex:618: Undefined control sequence.
<recently read> \square 
                        
l.618 \end{tabularx}
                    
The control sequence at the end of the top line
of your error message was never \def'ed. If you have
misspelled it (e.g., `\hobx'), type `I' and the correct
spelling (e.g., `I\hbox'). Otherwise just continue,
and I'll forget about whatever was undefined.

c:/Users/MWER0040/Documents/opera_project/paper/opera_analysis_plan.tex:618: Undefined control sequence.
<recently read> \square 
                        
l.618 \end{tabularx}
                    
The control sequence at the end of the top line
of your error message was never \def'ed. If you have
misspelled it (e.g., `\hobx'), type `I' and the correct
spelling (e.g., `I\hbox'). Otherwise just continue,
and I'll forget about whatever was undefined.

c:/Users/MWER0040/Documents/opera_project/paper/opera_analysis_plan.tex:618: Undefined control sequence.
<recently read> \square 
                        
l.618 \end{tabularx}
                    
The control sequence at the end of the top line
of your error message was never \def'ed. If you have
misspelled it (e.g., `\hobx'), type `I' and the correct
spelling (e.g., `I\hbox'). Otherwise just continue,
and I'll forget about whatever was undefined.

c:/Users/MWER0040/Documents/opera_project/paper/opera_analysis_plan.tex:618: Undefined control sequence.
<recently read> \square 
                        
l.618 \end{tabularx}
                    
The control sequence at the end of the top line
of your error message was never \def'ed. If you have
misspelled it (e.g., `\hobx'), type `I' and the correct
spelling (e.g., `I\hbox'). Otherwise just continue,
and I'll forget about whatever was undefined.

c:/Users/MWER0040/Documents/opera_project/paper/opera_analysis_plan.tex:618: Undefined control sequence.
<recently read> \square 
                        
l.618 \end{tabularx}
                    
The control sequence at the end of the top line
of your error message was never \def'ed. If you have
misspelled it (e.g., `\hobx'), type `I' and the correct
spelling (e.g., `I\hbox'). Otherwise just continue,
and I'll forget about whatever was undefined.

c:/Users/MWER0040/Documents/opera_project/paper/opera_analysis_plan.tex:618: Undefined control sequence.
<recently read> \square 
                        
l.618 \end{tabularx}
                    
The control sequence at the end of the top line
of your error message was never \def'ed. If you have
misspelled it (e.g., `\hobx'), type `I' and the correct
spelling (e.g., `I\hbox'). Otherwise just continue,
and I'll forget about whatever was undefined.

c:/Users/MWER0040/Documents/opera_project/paper/opera_analysis_plan.tex:618: Undefined control sequence.
<recently read> \square 
                        
l.618 \end{tabularx}
                    
The control sequence at the end of the top line
of your error message was never \def'ed. If you have
misspelled it (e.g., `\hobx'), type `I' and the correct
spelling (e.g., `I\hbox'). Otherwise just continue,
and I'll forget about whatever was undefined.

c:/Users/MWER0040/Documents/opera_project/paper/opera_analysis_plan.tex:618: Undefined control sequence.
<recently read> \square 
                        
l.618 \end{tabularx}
                    
The control sequence at the end of the top line
of your error message was never \def'ed. If you have
misspelled it (e.g., `\hobx'), type `I' and the correct
spelling (e.g., `I\hbox'). Otherwise just continue,
and I'll forget about whatever was undefined.

c:/Users/MWER0040/Documents/opera_project/paper/opera_analysis_plan.tex:618: Undefined control sequence.
<recently read> \square 
                        
l.618 \end{tabularx}
                    
The control sequence at the end of the top line
of your error message was never \def'ed. If you have
misspelled it (e.g., `\hobx'), type `I' and the correct
spelling (e.g., `I\hbox'). Otherwise just continue,
and I'll forget about whatever was undefined.

c:/Users/MWER0040/Documents/opera_project/paper/opera_analysis_plan.tex:618: Undefined control sequence.
<recently read> \square 
                        
l.618 \end{tabularx}
                    
The control sequence at the end of the top line
of your error message was never \def'ed. If you have
misspelled it (e.g., `\hobx'), type `I' and the correct
spelling (e.g., `I\hbox'). Otherwise just continue,
and I'll forget about whatever was undefined.

c:/Users/MWER0040/Documents/opera_project/paper/opera_analysis_plan.tex:618: Undefined control sequence.
<recently read> \square 
                        
l.618 \end{tabularx}
                    
The control sequence at the end of the top line
of your error message was never \def'ed. If you have
misspelled it (e.g., `\hobx'), type `I' and the correct
spelling (e.g., `I\hbox'). Otherwise just continue,
and I'll forget about whatever was undefined.

c:/Users/MWER0040/Documents/opera_project/paper/opera_analysis_plan.tex:618: Undefined control sequence.
<recently read> \square 
                        
l.618 \end{tabularx}
                    
The control sequence at the end of the top line
of your error message was never \def'ed. If you have
misspelled it (e.g., `\hobx'), type `I' and the correct
spelling (e.g., `I\hbox'). Otherwise just continue,
and I'll forget about whatever was undefined.

c:/Users/MWER0040/Documents/opera_project/paper/opera_analysis_plan.tex:618: Undefined control sequence.
<recently read> \square 
                        
l.618 \end{tabularx}
                    
The control sequence at the end of the top line
of your error message was never \def'ed. If you have
misspelled it (e.g., `\hobx'), type `I' and the correct
spelling (e.g., `I\hbox'). Otherwise just continue,
and I'll forget about whatever was undefined.

c:/Users/MWER0040/Documents/opera_project/paper/opera_analysis_plan.tex:618: Undefined control sequence.
<recently read> \square 
                        
l.618 \end{tabularx}
                    
The control sequence at the end of the top line
of your error message was never \def'ed. If you have
misspelled it (e.g., `\hobx'), type `I' and the correct
spelling (e.g., `I\hbox'). Otherwise just continue,
and I'll forget about whatever was undefined.

c:/Users/MWER0040/Documents/opera_project/paper/opera_analysis_plan.tex:618: Undefined control sequence.
<recently read> \square 
                        
l.618 \end{tabularx}
                    
The control sequence at the end of the top line
of your error message was never \def'ed. If you have
misspelled it (e.g., `\hobx'), type `I' and the correct
spelling (e.g., `I\hbox'). Otherwise just continue,
and I'll forget about whatever was undefined.

c:/Users/MWER0040/Documents/opera_project/paper/opera_analysis_plan.tex:618: Undefined control sequence.
<recently read> \square 
                        
l.618 \end{tabularx}
                    
The control sequence at the end of the top line
of your error message was never \def'ed. If you have
misspelled it (e.g., `\hobx'), type `I' and the correct
spelling (e.g., `I\hbox'). Otherwise just continue,
and I'll forget about whatever was undefined.

c:/Users/MWER0040/Documents/opera_project/paper/opera_analysis_plan.tex:618: Undefined control sequence.
<recently read> \square 
                        
l.618 \end{tabularx}
                    
The control sequence at the end of the top line
of your error message was never \def'ed. If you have
misspelled it (e.g., `\hobx'), type `I' and the correct
spelling (e.g., `I\hbox'). Otherwise just continue,
and I'll forget about whatever was undefined.

c:/Users/MWER0040/Documents/opera_project/paper/opera_analysis_plan.tex:618: Undefined control sequence.
<recently read> \square 
                        
l.618 \end{tabularx}
                    
The control sequence at the end of the top line
of your error message was never \def'ed. If you have
misspelled it (e.g., `\hobx'), type `I' and the correct
spelling (e.g., `I\hbox'). Otherwise just continue,
and I'll forget about whatever was undefined.

c:/Users/MWER0040/Documents/opera_project/paper/opera_analysis_plan.tex:618: Undefined control sequence.
<recently read> \square 
                        
l.618 \end{tabularx}
                    
The control sequence at the end of the top line
of your error message was never \def'ed. If you have
misspelled it (e.g., `\hobx'), type `I' and the correct
spelling (e.g., `I\hbox'). Otherwise just continue,
and I'll forget about whatever was undefined.

c:/Users/MWER0040/Documents/opera_project/paper/opera_analysis_plan.tex:618: Undefined control sequence.
<recently read> \square 
                        
l.618 \end{tabularx}
                    
The control sequence at the end of the top line
of your error message was never \def'ed. If you have
misspelled it (e.g., `\hobx'), type `I' and the correct
spelling (e.g., `I\hbox'). Otherwise just continue,
and I'll forget about whatever was undefined.

c:/Users/MWER0040/Documents/opera_project/paper/opera_analysis_plan.tex:618: Undefined control sequence.
<recently read> \square 
                        
l.618 \end{tabularx}
                    
The control sequence at the end of the top line
of your error message was never \def'ed. If you have
misspelled it (e.g., `\hobx'), type `I' and the correct
spelling (e.g., `I\hbox'). Otherwise just continue,
and I'll forget about whatever was undefined.

c:/Users/MWER0040/Documents/opera_project/paper/opera_analysis_plan.tex:618: Undefined control sequence.
<recently read> \square 
                        
l.618 \end{tabularx}
                    
The control sequence at the end of the top line
of your error message was never \def'ed. If you have
misspelled it (e.g., `\hobx'), type `I' and the correct
spelling (e.g., `I\hbox'). Otherwise just continue,
and I'll forget about whatever was undefined.

c:/Users/MWER0040/Documents/opera_project/paper/opera_analysis_plan.tex:618: Undefined control sequence.
<recently read> \square 
                        
l.618 \end{tabularx}
                    
The control sequence at the end of the top line
of your error message was never \def'ed. If you have
misspelled it (e.g., `\hobx'), type `I' and the correct
spelling (e.g., `I\hbox'). Otherwise just continue,
and I'll forget about whatever was undefined.

c:/Users/MWER0040/Documents/opera_project/paper/opera_analysis_plan.tex:618: Undefined control sequence.
<recently read> \square 
                        
l.618 \end{tabularx}
                    
The control sequence at the end of the top line
of your error message was never \def'ed. If you have
misspelled it (e.g., `\hobx'), type `I' and the correct
spelling (e.g., `I\hbox'). Otherwise just continue,
and I'll forget about whatever was undefined.

c:/Users/MWER0040/Documents/opera_project/paper/opera_analysis_plan.tex:618: Undefined control sequence.
<recently read> \square 
                        
l.618 \end{tabularx}
                    
The control sequence at the end of the top line
of your error message was never \def'ed. If you have
misspelled it (e.g., `\hobx'), type `I' and the correct
spelling (e.g., `I\hbox'). Otherwise just continue,
and I'll forget about whatever was undefined.

c:/Users/MWER0040/Documents/opera_project/paper/opera_analysis_plan.tex:618: Undefined control sequence.
<recently read> \square 
                        
l.618 \end{tabularx}
                    
The control sequence at the end of the top line
of your error message was never \def'ed. If you have
misspelled it (e.g., `\hobx'), type `I' and the correct
spelling (e.g., `I\hbox'). Otherwise just continue,
and I'll forget about whatever was undefined.

c:/Users/MWER0040/Documents/opera_project/paper/opera_analysis_plan.tex:618: Undefined control sequence.
<recently read> \square 
                        
l.618 \end{tabularx}
                    
The control sequence at the end of the top line
of your error message was never \def'ed. If you have
misspelled it (e.g., `\hobx'), type `I' and the correct
spelling (e.g., `I\hbox'). Otherwise just continue,
and I'll forget about whatever was undefined.

c:/Users/MWER0040/Documents/opera_project/paper/opera_analysis_plan.tex:618: Undefined control sequence.
<recently read> \square 
                        
l.618 \end{tabularx}
                    
The control sequence at the end of the top line
of your error message was never \def'ed. If you have
misspelled it (e.g., `\hobx'), type `I' and the correct
spelling (e.g., `I\hbox'). Otherwise just continue,
and I'll forget about whatever was undefined.

c:/Users/MWER0040/Documents/opera_project/paper/opera_analysis_plan.tex:618: Undefined control sequence.
<recently read> \square 
                        
l.618 \end{tabularx}
                    
The control sequence at the end of the top line
of your error message was never \def'ed. If you have
misspelled it (e.g., `\hobx'), type `I' and the correct
spelling (e.g., `I\hbox'). Otherwise just continue,
and I'll forget about whatever was undefined.

c:/Users/MWER0040/Documents/opera_project/paper/opera_analysis_plan.tex:618: Undefined control sequence.
<recently read> \square 
                        
l.618 \end{tabularx}
                    
The control sequence at the end of the top line
of your error message was never \def'ed. If you have
misspelled it (e.g., `\hobx'), type `I' and the correct
spelling (e.g., `I\hbox'). Otherwise just continue,
and I'll forget about whatever was undefined.

c:/Users/MWER0040/Documents/opera_project/paper/opera_analysis_plan.tex:618: Undefined control sequence.
<recently read> \square 
                        
l.618 \end{tabularx}
                    
The control sequence at the end of the top line
of your error message was never \def'ed. If you have
misspelled it (e.g., `\hobx'), type `I' and the correct
spelling (e.g., `I\hbox'). Otherwise just continue,
and I'll forget about whatever was undefined.

c:/Users/MWER0040/Documents/opera_project/paper/opera_analysis_plan.tex:618: Undefined control sequence.
<recently read> \square 
                        
l.618 \end{tabularx}
                    
The control sequence at the end of the top line
of your error message was never \def'ed. If you have
misspelled it (e.g., `\hobx'), type `I' and the correct
spelling (e.g., `I\hbox'). Otherwise just continue,
and I'll forget about whatever was undefined.

c:/Users/MWER0040/Documents/opera_project/paper/opera_analysis_plan.tex:618: Undefined control sequence.
<recently read> \square 
                        
l.618 \end{tabularx}
                    
The control sequence at the end of the top line
of your error message was never \def'ed. If you have
misspelled it (e.g., `\hobx'), type `I' and the correct
spelling (e.g., `I\hbox'). Otherwise just continue,
and I'll forget about whatever was undefined.

c:/Users/MWER0040/Documents/opera_project/paper/opera_analysis_plan.tex:618: Undefined control sequence.
<recently read> \square 
                        
l.618 \end{tabularx}
                    
The control sequence at the end of the top line
of your error message was never \def'ed. If you have
misspelled it (e.g., `\hobx'), type `I' and the correct
spelling (e.g., `I\hbox'). Otherwise just continue,
and I'll forget about whatever was undefined.

c:/Users/MWER0040/Documents/opera_project/paper/opera_analysis_plan.tex:618: Undefined control sequence.
<recently read> \square 
                        
l.618 \end{tabularx}
                    
The control sequence at the end of the top line
of your error message was never \def'ed. If you have
misspelled it (e.g., `\hobx'), type `I' and the correct
spelling (e.g., `I\hbox'). Otherwise just continue,
and I'll forget about whatever was undefined.

c:/Users/MWER0040/Documents/opera_project/paper/opera_analysis_plan.tex:618: Undefined control sequence.
<recently read> \square 
                        
l.618 \end{tabularx}
                    
The control sequence at the end of the top line
of your error message was never \def'ed. If you have
misspelled it (e.g., `\hobx'), type `I' and the correct
spelling (e.g., `I\hbox'). Otherwise just continue,
and I'll forget about whatever was undefined.

c:/Users/MWER0040/Documents/opera_project/paper/opera_analysis_plan.tex:618: Undefined control sequence.
<recently read> \square 
                        
l.618 \end{tabularx}
                    
The control sequence at the end of the top line
of your error message was never \def'ed. If you have
misspelled it (e.g., `\hobx'), type `I' and the correct
spelling (e.g., `I\hbox'). Otherwise just continue,
and I'll forget about whatever was undefined.

c:/Users/MWER0040/Documents/opera_project/paper/opera_analysis_plan.tex:618: Undefined control sequence.
<recently read> \square 
                        
l.618 \end{tabularx}
                    
The control sequence at the end of the top line
of your error message was never \def'ed. If you have
misspelled it (e.g., `\hobx'), type `I' and the correct
spelling (e.g., `I\hbox'). Otherwise just continue,
and I'll forget about whatever was undefined.

c:/Users/MWER0040/Documents/opera_project/paper/opera_analysis_plan.tex:618: Undefined control sequence.
<recently read> \square 
                        
l.618 \end{tabularx}
                    
The control sequence at the end of the top line
of your error message was never \def'ed. If you have
misspelled it (e.g., `\hobx'), type `I' and the correct
spelling (e.g., `I\hbox'). Otherwise just continue,
and I'll forget about whatever was undefined.

c:/Users/MWER0040/Documents/opera_project/paper/opera_analysis_plan.tex:618: Undefined control sequence.
<recently read> \square 
                        
l.618 \end{tabularx}
                    
The control sequence at the end of the top line
of your error message was never \def'ed. If you have
misspelled it (e.g., `\hobx'), type `I' and the correct
spelling (e.g., `I\hbox'). Otherwise just continue,
and I'll forget about whatever was undefined.

c:/Users/MWER0040/Documents/opera_project/paper/opera_analysis_plan.tex:618: Undefined control sequence.
<recently read> \square 
                        
l.618 \end{tabularx}
                    
The control sequence at the end of the top line
of your error message was never \def'ed. If you have
misspelled it (e.g., `\hobx'), type `I' and the correct
spelling (e.g., `I\hbox'). Otherwise just continue,
and I'll forget about whatever was undefined.

c:/Users/MWER0040/Documents/opera_project/paper/opera_analysis_plan.tex:618: Undefined control sequence.
<recently read> \square 
                        
l.618 \end{tabularx}
                    
The control sequence at the end of the top line
of your error message was never \def'ed. If you have
misspelled it (e.g., `\hobx'), type `I' and the correct
spelling (e.g., `I\hbox'). Otherwise just continue,
and I'll forget about whatever was undefined.

c:/Users/MWER0040/Documents/opera_project/paper/opera_analysis_plan.tex:618: Undefined control sequence.
<recently read> \square 
                        
l.618 \end{tabularx}
                    
The control sequence at the end of the top line
of your error message was never \def'ed. If you have
misspelled it (e.g., `\hobx'), type `I' and the correct
spelling (e.g., `I\hbox'). Otherwise just continue,
and I'll forget about whatever was undefined.

c:/Users/MWER0040/Documents/opera_project/paper/opera_analysis_plan.tex:618: Undefined control sequence.
<recently read> \square 
                        
l.618 \end{tabularx}
                    
The control sequence at the end of the top line
of your error message was never \def'ed. If you have
misspelled it (e.g., `\hobx'), type `I' and the correct
spelling (e.g., `I\hbox'). Otherwise just continue,
and I'll forget about whatever was undefined.

c:/Users/MWER0040/Documents/opera_project/paper/opera_analysis_plan.tex:618: Undefined control sequence.
<recently read> \square 
                        
l.618 \end{tabularx}
                    
The control sequence at the end of the top line
of your error message was never \def'ed. If you have
misspelled it (e.g., `\hobx'), type `I' and the correct
spelling (e.g., `I\hbox'). Otherwise just continue,
and I'll forget about whatever was undefined.

c:/Users/MWER0040/Documents/opera_project/paper/opera_analysis_plan.tex:618: Undefined control sequence.
<recently read> \square 
                        
l.618 \end{tabularx}
                    
The control sequence at the end of the top line
of your error message was never \def'ed. If you have
misspelled it (e.g., `\hobx'), type `I' and the correct
spelling (e.g., `I\hbox'). Otherwise just continue,
and I'll forget about whatever was undefined.

c:/Users/MWER0040/Documents/opera_project/paper/opera_analysis_plan.tex:618: Undefined control sequence.
<recently read> \square 
                        
l.618 \end{tabularx}
                    
The control sequence at the end of the top line
of your error message was never \def'ed. If you have
misspelled it (e.g., `\hobx'), type `I' and the correct
spelling (e.g., `I\hbox'). Otherwise just continue,
and I'll forget about whatever was undefined.

c:/Users/MWER0040/Documents/opera_project/paper/opera_analysis_plan.tex:618: Undefined control sequence.
<recently read> \square 
                        
l.618 \end{tabularx}
                    
The control sequence at the end of the top line
of your error message was never \def'ed. If you have
misspelled it (e.g., `\hobx'), type `I' and the correct
spelling (e.g., `I\hbox'). Otherwise just continue,
and I'll forget about whatever was undefined.

c:/Users/MWER0040/Documents/opera_project/paper/opera_analysis_plan.tex:618: Undefined control sequence.
<recently read> \square 
                        
l.618 \end{tabularx}
                    
The control sequence at the end of the top line
of your error message was never \def'ed. If you have
misspelled it (e.g., `\hobx'), type `I' and the correct
spelling (e.g., `I\hbox'). Otherwise just continue,
and I'll forget about whatever was undefined.

c:/Users/MWER0040/Documents/opera_project/paper/opera_analysis_plan.tex:618: Undefined control sequence.
<recently read> \square 
                        
l.618 \end{tabularx}
                    
The control sequence at the end of the top line
of your error message was never \def'ed. If you have
misspelled it (e.g., `\hobx'), type `I' and the correct
spelling (e.g., `I\hbox'). Otherwise just continue,
and I'll forget about whatever was undefined.

c:/Users/MWER0040/Documents/opera_project/paper/opera_analysis_plan.tex:618: Undefined control sequence.
<recently read> \square 
                        
l.618 \end{tabularx}
                    
The control sequence at the end of the top line
of your error message was never \def'ed. If you have
misspelled it (e.g., `\hobx'), type `I' and the correct
spelling (e.g., `I\hbox'). Otherwise just continue,
and I'll forget about whatever was undefined.

c:/Users/MWER0040/Documents/opera_project/paper/opera_analysis_plan.tex:618: Undefined control sequence.
<recently read> \square 
                        
l.618 \end{tabularx}
                    
The control sequence at the end of the top line
of your error message was never \def'ed. If you have
misspelled it (e.g., `\hobx'), type `I' and the correct
spelling (e.g., `I\hbox'). Otherwise just continue,
and I'll forget about whatever was undefined.

c:/Users/MWER0040/Documents/opera_project/paper/opera_analysis_plan.tex:618: Undefined control sequence.
<recently read> \square 
                        
l.618 \end{tabularx}
                    
The control sequence at the end of the top line
of your error message was never \def'ed. If you have
misspelled it (e.g., `\hobx'), type `I' and the correct
spelling (e.g., `I\hbox'). Otherwise just continue,
and I'll forget about whatever was undefined.

c:/Users/MWER0040/Documents/opera_project/paper/opera_analysis_plan.tex:618: Undefined control sequence.
<recently read> \square 
                        
l.618 \end{tabularx}
                    
The control sequence at the end of the top line
of your error message was never \def'ed. If you have
misspelled it (e.g., `\hobx'), type `I' and the correct
spelling (e.g., `I\hbox'). Otherwise just continue,
and I'll forget about whatever was undefined.

c:/Users/MWER0040/Documents/opera_project/paper/opera_analysis_plan.tex:618: Undefined control sequence.
<recently read> \square 
                        
l.618 \end{tabularx}
                    
The control sequence at the end of the top line
of your error message was never \def'ed. If you have
misspelled it (e.g., `\hobx'), type `I' and the correct
spelling (e.g., `I\hbox'). Otherwise just continue,
and I'll forget about whatever was undefined.

c:/Users/MWER0040/Documents/opera_project/paper/opera_analysis_plan.tex:618: Undefined control sequence.
<recently read> \square 
                        
l.618 \end{tabularx}
                    
The control sequence at the end of the top line
of your error message was never \def'ed. If you have
misspelled it (e.g., `\hobx'), type `I' and the correct
spelling (e.g., `I\hbox'). Otherwise just continue,
and I'll forget about whatever was undefined.

c:/Users/MWER0040/Documents/opera_project/paper/opera_analysis_plan.tex:618: Undefined control sequence.
<recently read> \square 
                        
l.618 \end{tabularx}
                    
The control sequence at the end of the top line
of your error message was never \def'ed. If you have
misspelled it (e.g., `\hobx'), type `I' and the correct
spelling (e.g., `I\hbox'). Otherwise just continue,
and I'll forget about whatever was undefined.

c:/Users/MWER0040/Documents/opera_project/paper/opera_analysis_plan.tex:618: Undefined control sequence.
<recently read> \square 
                        
l.618 \end{tabularx}
                    
The control sequence at the end of the top line
of your error message was never \def'ed. If you have
misspelled it (e.g., `\hobx'), type `I' and the correct
spelling (e.g., `I\hbox'). Otherwise just continue,
and I'll forget about whatever was undefined.

c:/Users/MWER0040/Documents/opera_project/paper/opera_analysis_plan.tex:618: Undefined control sequence.
<recently read> \square 
                        
l.618 \end{tabularx}
                    
The control sequence at the end of the top line
of your error message was never \def'ed. If you have
misspelled it (e.g., `\hobx'), type `I' and the correct
spelling (e.g., `I\hbox'). Otherwise just continue,
and I'll forget about whatever was undefined.

c:/Users/MWER0040/Documents/opera_project/paper/opera_analysis_plan.tex:618: Undefined control sequence.
<recently read> \square 
                        
l.618 \end{tabularx}
                    
The control sequence at the end of the top line
of your error message was never \def'ed. If you have
misspelled it (e.g., `\hobx'), type `I' and the correct
spelling (e.g., `I\hbox'). Otherwise just continue,
and I'll forget about whatever was undefined.

c:/Users/MWER0040/Documents/opera_project/paper/opera_analysis_plan.tex:618: Undefined control sequence.
<recently read> \square 
                        
l.618 \end{tabularx}
                    
The control sequence at the end of the top line
of your error message was never \def'ed. If you have
misspelled it (e.g., `\hobx'), type `I' and the correct
spelling (e.g., `I\hbox'). Otherwise just continue,
and I'll forget about whatever was undefined.

c:/Users/MWER0040/Documents/opera_project/paper/opera_analysis_plan.tex:618: Undefined control sequence.
<recently read> \square 
                        
l.618 \end{tabularx}
                    
The control sequence at the end of the top line
of your error message was never \def'ed. If you have
misspelled it (e.g., `\hobx'), type `I' and the correct
spelling (e.g., `I\hbox'). Otherwise just continue,
and I'll forget about whatever was undefined.

c:/Users/MWER0040/Documents/opera_project/paper/opera_analysis_plan.tex:618: Undefined control sequence.
<recently read> \square 
                        
l.618 \end{tabularx}
                    
The control sequence at the end of the top line
of your error message was never \def'ed. If you have
misspelled it (e.g., `\hobx'), type `I' and the correct
spelling (e.g., `I\hbox'). Otherwise just continue,
and I'll forget about whatever was undefined.

c:/Users/MWER0040/Documents/opera_project/paper/opera_analysis_plan.tex:618: Undefined control sequence.
<recently read> \square 
                        
l.618 \end{tabularx}
                    
The control sequence at the end of the top line
of your error message was never \def'ed. If you have
misspelled it (e.g., `\hobx'), type `I' and the correct
spelling (e.g., `I\hbox'). Otherwise just continue,
and I'll forget about whatever was undefined.

c:/Users/MWER0040/Documents/opera_project/paper/opera_analysis_plan.tex:618: Undefined control sequence.
<recently read> \square 
                        
l.618 \end{tabularx}
                    
The control sequence at the end of the top line
of your error message was never \def'ed. If you have
misspelled it (e.g., `\hobx'), type `I' and the correct
spelling (e.g., `I\hbox'). Otherwise just continue,
and I'll forget about whatever was undefined.

c:/Users/MWER0040/Documents/opera_project/paper/opera_analysis_plan.tex:618: Undefined control sequence.
<recently read> \square 
                        
l.618 \end{tabularx}
                    
The control sequence at the end of the top line
of your error message was never \def'ed. If you have
misspelled it (e.g., `\hobx'), type `I' and the correct
spelling (e.g., `I\hbox'). Otherwise just continue,
and I'll forget about whatever was undefined.


Underfull \hbox (badness 10000) in paragraph at lines 618--618
[]|\OT1/cmr/m/n/10.95 (+20) Compute IPI per co-hort, add to
 []

c:/Users/MWER0040/Documents/opera_project/paper/opera_analysis_plan.tex:618: Undefined control sequence.
<recently read> \square 
                        
l.618 \end{tabularx}
                    
The control sequence at the end of the top line
of your error message was never \def'ed. If you have
misspelled it (e.g., `\hobx'), type `I' and the correct
spelling (e.g., `I\hbox'). Otherwise just continue,
and I'll forget about whatever was undefined.

c:/Users/MWER0040/Documents/opera_project/paper/opera_analysis_plan.tex:618: Undefined control sequence.
<recently read> \square 
                        
l.618 \end{tabularx}
                    
The control sequence at the end of the top line
of your error message was never \def'ed. If you have
misspelled it (e.g., `\hobx'), type `I' and the correct
spelling (e.g., `I\hbox'). Otherwise just continue,
and I'll forget about whatever was undefined.

c:/Users/MWER0040/Documents/opera_project/paper/opera_analysis_plan.tex:618: Undefined control sequence.
<recently read> \square 
                        
l.618 \end{tabularx}
                    
The control sequence at the end of the top line
of your error message was never \def'ed. If you have
misspelled it (e.g., `\hobx'), type `I' and the correct
spelling (e.g., `I\hbox'). Otherwise just continue,
and I'll forget about whatever was undefined.

c:/Users/MWER0040/Documents/opera_project/paper/opera_analysis_plan.tex:618: Undefined control sequence.
<recently read> \square 
                        
l.618 \end{tabularx}
                    
The control sequence at the end of the top line
of your error message was never \def'ed. If you have
misspelled it (e.g., `\hobx'), type `I' and the correct
spelling (e.g., `I\hbox'). Otherwise just continue,
and I'll forget about whatever was undefined.

c:/Users/MWER0040/Documents/opera_project/paper/opera_analysis_plan.tex:618: Undefined control sequence.
<recently read> \square 
                        
l.618 \end{tabularx}
                    
The control sequence at the end of the top line
of your error message was never \def'ed. If you have
misspelled it (e.g., `\hobx'), type `I' and the correct
spelling (e.g., `I\hbox'). Otherwise just continue,
and I'll forget about whatever was undefined.

c:/Users/MWER0040/Documents/opera_project/paper/opera_analysis_plan.tex:618: Undefined control sequence.
<recently read> \square 
                        
l.618 \end{tabularx}
                    
The control sequence at the end of the top line
of your error message was never \def'ed. If you have
misspelled it (e.g., `\hobx'), type `I' and the correct
spelling (e.g., `I\hbox'). Otherwise just continue,
and I'll forget about whatever was undefined.

c:/Users/MWER0040/Documents/opera_project/paper/opera_analysis_plan.tex:618: Undefined control sequence.
<recently read> \square 
                        
l.618 \end{tabularx}
                    
The control sequence at the end of the top line
of your error message was never \def'ed. If you have
misspelled it (e.g., `\hobx'), type `I' and the correct
spelling (e.g., `I\hbox'). Otherwise just continue,
and I'll forget about whatever was undefined.

c:/Users/MWER0040/Documents/opera_project/paper/opera_analysis_plan.tex:618: Undefined control sequence.
<recently read> \square 
                        
l.618 \end{tabularx}
                    
The control sequence at the end of the top line
of your error message was never \def'ed. If you have
misspelled it (e.g., `\hobx'), type `I' and the correct
spelling (e.g., `I\hbox'). Otherwise just continue,
and I'll forget about whatever was undefined.

c:/Users/MWER0040/Documents/opera_project/paper/opera_analysis_plan.tex:618: Undefined control sequence.
<recently read> \square 
                        
l.618 \end{tabularx}
                    
The control sequence at the end of the top line
of your error message was never \def'ed. If you have
misspelled it (e.g., `\hobx'), type `I' and the correct
spelling (e.g., `I\hbox'). Otherwise just continue,
and I'll forget about whatever was undefined.

c:/Users/MWER0040/Documents/opera_project/paper/opera_analysis_plan.tex:618: Undefined control sequence.
<recently read> \square 
                        
l.618 \end{tabularx}
                    
The control sequence at the end of the top line
of your error message was never \def'ed. If you have
misspelled it (e.g., `\hobx'), type `I' and the correct
spelling (e.g., `I\hbox'). Otherwise just continue,
and I'll forget about whatever was undefined.

c:/Users/MWER0040/Documents/opera_project/paper/opera_analysis_plan.tex:618: Undefined control sequence.
<recently read> \square 
                        
l.618 \end{tabularx}
                    
The control sequence at the end of the top line
of your error message was never \def'ed. If you have
misspelled it (e.g., `\hobx'), type `I' and the correct
spelling (e.g., `I\hbox'). Otherwise just continue,
and I'll forget about whatever was undefined.

c:/Users/MWER0040/Documents/opera_project/paper/opera_analysis_plan.tex:618: Undefined control sequence.
<recently read> \square 
                        
l.618 \end{tabularx}
                    
The control sequence at the end of the top line
of your error message was never \def'ed. If you have
misspelled it (e.g., `\hobx'), type `I' and the correct
spelling (e.g., `I\hbox'). Otherwise just continue,
and I'll forget about whatever was undefined.

c:/Users/MWER0040/Documents/opera_project/paper/opera_analysis_plan.tex:618: Undefined control sequence.
<recently read> \square 
                        
l.618 \end{tabularx}
                    
The control sequence at the end of the top line
of your error message was never \def'ed. If you have
misspelled it (e.g., `\hobx'), type `I' and the correct
spelling (e.g., `I\hbox'). Otherwise just continue,
and I'll forget about whatever was undefined.

c:/Users/MWER0040/Documents/opera_project/paper/opera_analysis_plan.tex:618: Undefined control sequence.
<recently read> \square 
                        
l.618 \end{tabularx}
                    
The control sequence at the end of the top line
of your error message was never \def'ed. If you have
misspelled it (e.g., `\hobx'), type `I' and the correct
spelling (e.g., `I\hbox'). Otherwise just continue,
and I'll forget about whatever was undefined.

c:/Users/MWER0040/Documents/opera_project/paper/opera_analysis_plan.tex:618: Undefined control sequence.
<recently read> \square 
                        
l.618 \end{tabularx}
                    
The control sequence at the end of the top line
of your error message was never \def'ed. If you have
misspelled it (e.g., `\hobx'), type `I' and the correct
spelling (e.g., `I\hbox'). Otherwise just continue,
and I'll forget about whatever was undefined.

c:/Users/MWER0040/Documents/opera_project/paper/opera_analysis_plan.tex:618: Undefined control sequence.
<recently read> \square 
                        
l.618 \end{tabularx}
                    
The control sequence at the end of the top line
of your error message was never \def'ed. If you have
misspelled it (e.g., `\hobx'), type `I' and the correct
spelling (e.g., `I\hbox'). Otherwise just continue,
and I'll forget about whatever was undefined.


Underfull \hbox (badness 3919) in paragraph at lines 618--618
[]|\OT1/cmr/m/n/10.95 (+20) Run \OT1/cmtt/m/n/10 opera.run.patient[]benefit[]analysis \OT1/cmr/m/n/10.95 (+20) for
 []

c:/Users/MWER0040/Documents/opera_project/paper/opera_analysis_plan.tex:618: Undefined control sequence.
<recently read> \square 
                        
l.618 \end{tabularx}
                    
The control sequence at the end of the top line
of your error message was never \def'ed. If you have
misspelled it (e.g., `\hobx'), type `I' and the correct
spelling (e.g., `I\hbox'). Otherwise just continue,
and I'll forget about whatever was undefined.

c:/Users/MWER0040/Documents/opera_project/paper/opera_analysis_plan.tex:618: Undefined control sequence.
<recently read> \square 
                        
l.618 \end{tabularx}
                    
The control sequence at the end of the top line
of your error message was never \def'ed. If you have
misspelled it (e.g., `\hobx'), type `I' and the correct
spelling (e.g., `I\hbox'). Otherwise just continue,
and I'll forget about whatever was undefined.

c:/Users/MWER0040/Documents/opera_project/paper/opera_analysis_plan.tex:618: Undefined control sequence.
<recently read> \square 
                        
l.618 \end{tabularx}
                    
The control sequence at the end of the top line
of your error message was never \def'ed. If you have
misspelled it (e.g., `\hobx'), type `I' and the correct
spelling (e.g., `I\hbox'). Otherwise just continue,
and I'll forget about whatever was undefined.

c:/Users/MWER0040/Documents/opera_project/paper/opera_analysis_plan.tex:618: Undefined control sequence.
<recently read> \square 
                        
l.618 \end{tabularx}
                    
The control sequence at the end of the top line
of your error message was never \def'ed. If you have
misspelled it (e.g., `\hobx'), type `I' and the correct
spelling (e.g., `I\hbox'). Otherwise just continue,
and I'll forget about whatever was undefined.

c:/Users/MWER0040/Documents/opera_project/paper/opera_analysis_plan.tex:618: Undefined control sequence.
<recently read> \square 
                        
l.618 \end{tabularx}
                    
The control sequence at the end of the top line
of your error message was never \def'ed. If you have
misspelled it (e.g., `\hobx'), type `I' and the correct
spelling (e.g., `I\hbox'). Otherwise just continue,
and I'll forget about whatever was undefined.

c:/Users/MWER0040/Documents/opera_project/paper/opera_analysis_plan.tex:618: Undefined control sequence.
<recently read> \square 
                        
l.618 \end{tabularx}
                    
The control sequence at the end of the top line
of your error message was never \def'ed. If you have
misspelled it (e.g., `\hobx'), type `I' and the correct
spelling (e.g., `I\hbox'). Otherwise just continue,
and I'll forget about whatever was undefined.

c:/Users/MWER0040/Documents/opera_project/paper/opera_analysis_plan.tex:618: Undefined control sequence.
<recently read> \square 
                        
l.618 \end{tabularx}
                    
The control sequence at the end of the top line
of your error message was never \def'ed. If you have
misspelled it (e.g., `\hobx'), type `I' and the correct
spelling (e.g., `I\hbox'). Otherwise just continue,
and I'll forget about whatever was undefined.

c:/Users/MWER0040/Documents/opera_project/paper/opera_analysis_plan.tex:618: Undefined control sequence.
<recently read> \square 
                        
l.618 \end{tabularx}
                    
The control sequence at the end of the top line
of your error message was never \def'ed. If you have
misspelled it (e.g., `\hobx'), type `I' and the correct
spelling (e.g., `I\hbox'). Otherwise just continue,
and I'll forget about whatever was undefined.

c:/Users/MWER0040/Documents/opera_project/paper/opera_analysis_plan.tex:618: Undefined control sequence.
<recently read> \square 
                        
l.618 \end{tabularx}
                    
The control sequence at the end of the top line
of your error message was never \def'ed. If you have
misspelled it (e.g., `\hobx'), type `I' and the correct
spelling (e.g., `I\hbox'). Otherwise just continue,
and I'll forget about whatever was undefined.

[9] [10]
Underfull \hbox (badness 10000) in paragraph at lines 720--720
[]|\OT1/cmr/m/n/10.95 (+20) Label ef-fi-ciency curves
 []


Underfull \hbox (badness 2460) in paragraph at lines 720--720
\OT1/cmr/m/n/10.95 (+20) tab-u-lar per-for-mance with
 []


Underfull \hbox (badness 1270) in paragraph at lines 720--720
\OT1/cmr/m/n/10.95 (+20) er-al-i-sa-tion. Cross-disease
 []


Underfull \hbox (badness 4341) in paragraph at lines 720--720
\OT1/cmr/m/n/10.95 (+20) weight-ing with censoring-
 []


Underfull \hbox (badness 2573) in paragraph at lines 720--720
\OT1/cmr/m/n/10.95 (+20) aware re-li-a-bil-ity is novel.
 []


Underfull \hbox (badness 10000) in paragraph at lines 720--720
\OT1/cmr/m/n/10.95 (+20) DAPT-prior cross-disease
 []


Underfull \hbox (badness 1881) in paragraph at lines 720--720
\OT1/cmr/m/n/10.95 (+20) and competing-event frac-
 []

[11] [12] (./opera_analysis_plan.aux)
 ***********
LaTeX2e <2025-11-01>
L3 programming layer <2026-01-19>
 ***********


LaTeX Warning: There were undefined references.


LaTeX Warning: Label(s) may have changed. Rerun to get cross-references right.


Package rerunfilecheck Warning: File `opera_analysis_plan.out' has changed.
(rerunfilecheck)                Rerun to get outlines right
(rerunfilecheck)                or use package `bookmark'.

Package rerunfilecheck Info: Checksums for `opera_analysis_plan.out':
(rerunfilecheck)             Before: <no file>
(rerunfilecheck)             After:  70CA30EB3253F09CCEF637F4F6666E2F;6760.
 ) 
Here is how much of TeX's memory you used:
 25258 strings out of 467525
 485895 string characters out of 5409508
 917328 words of memory out of 5000000
 53598 multiletter control sequences out of 15000+600000
 638734 words of font info for 138 fonts, out of 8000000 for 9000
 1141 hyphenation exceptions out of 8191
 116i,9n,121p,1256b,616s stack positions out of 10000i,1000n,20000p,200000b,200000s
<c:/Users/MWER0040/AppData/Roaming/TinyTeX/texmf-dist/fonts/type1/public/amsfonts/cm/cmbx10.pfb><c:/Users/MWER0040/AppData/Roaming/TinyTeX/texmf-dist/fonts/type1/public/amsfonts/cm/cmbx12.pfb><c:/Users/MWER0040/AppData/Roaming/TinyTeX/texmf-dist/fonts/type1/public/amsfonts/cm/cmcsc10.pfb><c:/Users/MWER0040/AppData/Roaming/TinyTeX/texmf-dist/fonts/type1/public/amsfonts/cm/cmmi10.pfb><c:/Users/MWER0040/AppData/Roaming/TinyTeX/texmf-dist/fonts/type1/public/amsfonts/cm/cmmi8.pfb><c:/Users/MWER0040/AppData/Roaming/TinyTeX/texmf-dist/fonts/type1/public/amsfonts/cm/cmr10.pfb><c:/Users/MWER0040/AppData/Roaming/TinyTeX/texmf-dist/fonts/type1/public/amsfonts/cm/cmr12.pfb><c:/Users/MWER0040/AppData/Roaming/TinyTeX/texmf-dist/fonts/type1/public/amsfonts/cm/cmsy10.pfb><c:/Users/MWER0040/AppData/Roaming/TinyTeX/texmf-dist/fonts/type1/public/amsfonts/cm/cmti10.pfb><c:/Users/MWER0040/AppData/Roaming/TinyTeX/texmf-dist/fonts/type1/public/amsfonts/cm/cmtt10.pfb><c:/Users/MWER0040/AppData/Roaming/TinyTeX/texmf-dist/fonts/type1/public/cm-super/sfrm1095.pfb>
Output written on opera_analysis_plan.pdf (12 pages, 188121 bytes).
PDF statistics:
 190 PDF objects out of 1000 (max. 8388607)
 152 compressed objects within 2 object streams
 70 named destinations out of 1000 (max. 500000)
 27661 words of extra memory for PDF output out of 29859 (max. 10000000)

